Archive member included to satisfy reference by file (symbol)

d:/stm32/gccarm/gcc-arm-none-eabi-10.3-2021.10/bin/../lib/gcc/arm-none-eabi/10.3.1/thumb/v7e-m/nofp\libgcc.a(_aeabi_uldivmod.o)
                              CMakeFiles/stm32F407ZGT6.elf.dir/Drivers/STM32F4xx_HAL_Driver/Src/stm32f4xx_hal_rcc.c.obj (__aeabi_uldivmod)
d:/stm32/gccarm/gcc-arm-none-eabi-10.3-2021.10/bin/../lib/gcc/arm-none-eabi/10.3.1/thumb/v7e-m/nofp\libgcc.a(_udivmoddi4.o)
                              d:/stm32/gccarm/gcc-arm-none-eabi-10.3-2021.10/bin/../lib/gcc/arm-none-eabi/10.3.1/thumb/v7e-m/nofp\libgcc.a(_aeabi_uldivmod.o) (__udivmoddi4)
d:/stm32/gccarm/gcc-arm-none-eabi-10.3-2021.10/bin/../lib/gcc/arm-none-eabi/10.3.1/thumb/v7e-m/nofp\libgcc.a(_dvmd_tls.o)
                              d:/stm32/gccarm/gcc-arm-none-eabi-10.3-2021.10/bin/../lib/gcc/arm-none-eabi/10.3.1/thumb/v7e-m/nofp\libgcc.a(_aeabi_uldivmod.o) (__aeabi_ldiv0)
d:/stm32/gccarm/gcc-arm-none-eabi-10.3-2021.10/bin/../lib/gcc/arm-none-eabi/10.3.1/../../../../arm-none-eabi/lib/thumb/v7e-m/nofp\libg.a(lib_a-errno.o)
                              CMakeFiles/stm32F407ZGT6.elf.dir/Core/Src/retarget.c.obj (__errno)
d:/stm32/gccarm/gcc-arm-none-eabi-10.3-2021.10/bin/../lib/gcc/arm-none-eabi/10.3.1/../../../../arm-none-eabi/lib/thumb/v7e-m/nofp\libg.a(lib_a-exit.o)
                              d:/stm32/gccarm/gcc-arm-none-eabi-10.3-2021.10/bin/../lib/gcc/arm-none-eabi/10.3.1/../../../../arm-none-eabi/lib/thumb/v7e-m/nofp/crt0.o (exit)
d:/stm32/gccarm/gcc-arm-none-eabi-10.3-2021.10/bin/../lib/gcc/arm-none-eabi/10.3.1/../../../../arm-none-eabi/lib/thumb/v7e-m/nofp\libg.a(lib_a-impure.o)
                              d:/stm32/gccarm/gcc-arm-none-eabi-10.3-2021.10/bin/../lib/gcc/arm-none-eabi/10.3.1/../../../../arm-none-eabi/lib/thumb/v7e-m/nofp\libg.a(lib_a-exit.o) (_global_impure_ptr)
d:/stm32/gccarm/gcc-arm-none-eabi-10.3-2021.10/bin/../lib/gcc/arm-none-eabi/10.3.1/../../../../arm-none-eabi/lib/thumb/v7e-m/nofp\libg.a(lib_a-init.o)
                              d:/stm32/gccarm/gcc-arm-none-eabi-10.3-2021.10/bin/../lib/gcc/arm-none-eabi/10.3.1/../../../../arm-none-eabi/lib/thumb/v7e-m/nofp/crt0.o (__libc_init_array)
d:/stm32/gccarm/gcc-arm-none-eabi-10.3-2021.10/bin/../lib/gcc/arm-none-eabi/10.3.1/../../../../arm-none-eabi/lib/thumb/v7e-m/nofp\libg.a(lib_a-memset.o)
                              d:/stm32/gccarm/gcc-arm-none-eabi-10.3-2021.10/bin/../lib/gcc/arm-none-eabi/10.3.1/../../../../arm-none-eabi/lib/thumb/v7e-m/nofp/crt0.o (memset)
d:/stm32/gccarm/gcc-arm-none-eabi-10.3-2021.10/bin/../lib/gcc/arm-none-eabi/10.3.1/../../../../arm-none-eabi/lib/thumb/v7e-m/nofp\libg.a(lib_a-puts.o)
                              CMakeFiles/stm32F407ZGT6.elf.dir/Core/Src/main.c.obj (puts)
d:/stm32/gccarm/gcc-arm-none-eabi-10.3-2021.10/bin/../lib/gcc/arm-none-eabi/10.3.1/../../../../arm-none-eabi/lib/thumb/v7e-m/nofp\libg.a(lib_a-setvbuf.o)
                              CMakeFiles/stm32F407ZGT6.elf.dir/Core/Src/retarget.c.obj (setvbuf)
d:/stm32/gccarm/gcc-arm-none-eabi-10.3-2021.10/bin/../lib/gcc/arm-none-eabi/10.3.1/../../../../arm-none-eabi/lib/thumb/v7e-m/nofp\libg.a(lib_a-strlen.o)
                              d:/stm32/gccarm/gcc-arm-none-eabi-10.3-2021.10/bin/../lib/gcc/arm-none-eabi/10.3.1/../../../../arm-none-eabi/lib/thumb/v7e-m/nofp\libg.a(lib_a-puts.o) (strlen)
d:/stm32/gccarm/gcc-arm-none-eabi-10.3-2021.10/bin/../lib/gcc/arm-none-eabi/10.3.1/../../../../arm-none-eabi/lib/thumb/v7e-m/nofp\libg.a(lib_a-__call_atexit.o)
                              d:/stm32/gccarm/gcc-arm-none-eabi-10.3-2021.10/bin/../lib/gcc/arm-none-eabi/10.3.1/../../../../arm-none-eabi/lib/thumb/v7e-m/nofp\libg.a(lib_a-exit.o) (__call_exitprocs)
d:/stm32/gccarm/gcc-arm-none-eabi-10.3-2021.10/bin/../lib/gcc/arm-none-eabi/10.3.1/../../../../arm-none-eabi/lib/thumb/v7e-m/nofp\libg.a(lib_a-atexit.o)
                              d:/stm32/gccarm/gcc-arm-none-eabi-10.3-2021.10/bin/../lib/gcc/arm-none-eabi/10.3.1/../../../../arm-none-eabi/lib/thumb/v7e-m/nofp\libg.a(lib_a-__call_atexit.o) (atexit)
d:/stm32/gccarm/gcc-arm-none-eabi-10.3-2021.10/bin/../lib/gcc/arm-none-eabi/10.3.1/../../../../arm-none-eabi/lib/thumb/v7e-m/nofp\libg.a(lib_a-fflush.o)
                              d:/stm32/gccarm/gcc-arm-none-eabi-10.3-2021.10/bin/../lib/gcc/arm-none-eabi/10.3.1/../../../../arm-none-eabi/lib/thumb/v7e-m/nofp\libg.a(lib_a-setvbuf.o) (_fflush_r)
d:/stm32/gccarm/gcc-arm-none-eabi-10.3-2021.10/bin/../lib/gcc/arm-none-eabi/10.3.1/../../../../arm-none-eabi/lib/thumb/v7e-m/nofp\libg.a(lib_a-findfp.o)
                              d:/stm32/gccarm/gcc-arm-none-eabi-10.3-2021.10/bin/../lib/gcc/arm-none-eabi/10.3.1/../../../../arm-none-eabi/lib/thumb/v7e-m/nofp\libg.a(lib_a-puts.o) (__sinit)
d:/stm32/gccarm/gcc-arm-none-eabi-10.3-2021.10/bin/../lib/gcc/arm-none-eabi/10.3.1/../../../../arm-none-eabi/lib/thumb/v7e-m/nofp\libg.a(lib_a-fini.o)
[...]
Memory Configuration

Name             Origin             Length             Attributes
CCMRAM           0x10000000         0x00010000         xrw
RAM              0x20000000         0x00020000         xrw
FLASH            0x08000000         0x00100000         xr
*default*        0x00000000         0xffffffff

Linker script and memory map

LOAD d:/stm32/gccarm/gcc-arm-none-eabi-10.3-2021.10/bin/../lib/gcc/arm-none-eabi/10.3.1/thumb/v7e-m/nofp/crti.o
LOAD d:/stm32/gccarm/gcc-arm-none-eabi-10.3-2021.10/bin/../lib/gcc/arm-none-eabi/10.3.1/thumb/v7e-m/nofp/crtbegin.o
LOAD d:/stm32/gccarm/gcc-arm-none-eabi-10.3-2021.10/bin/../lib/gcc/arm-none-eabi/10.3.1/../../../../arm-none-eabi/lib/thumb/v7e-m/nofp/crt0.o
LOAD CMakeFiles/stm32F407ZGT6.elf.dir/Core/Src/gpio.c.obj
LOAD CMakeFiles/stm32F407ZGT6.elf.dir/Core/Src/main.c.obj
LOAD CMakeFiles/stm32F407ZGT6.elf.dir/Core/Src/retarget.c.obj
LOAD CMakeFiles/stm32F407ZGT6.elf.dir/Core/Src/stm32f4xx_hal_msp.c.obj
LOAD CMakeFiles/stm32F407ZGT6.elf.dir/Core/Src/stm32f4xx_it.c.obj
LOAD CMakeFiles/stm32F407ZGT6.elf.dir/Core/Src/syscalls.c.obj
LOAD CMakeFiles/stm32F407ZGT6.elf.dir/Core/Src/sysmem.c.obj
LOAD CMakeFiles/stm32F407ZGT6.elf.dir/Core/Src/system_stm32f4xx.c.obj
LOAD CMakeFiles/stm32F407ZGT6.elf.dir/Core/Src/usart.c.obj
LOAD CMakeFiles/stm32F407ZGT6.elf.dir/Core/Startup/startup_stm32f407zgtx.s.obj
LOAD CMakeFiles/stm32F407ZGT6.elf.dir/Drivers/STM32F4xx_HAL_Driver/Src/stm32f4xx_hal.c.obj
LOAD CMakeFiles/stm32F407ZGT6.elf.dir/Drivers/STM32F4xx_HAL_Driver/Src/stm32f4xx_hal_cortex.c.obj
LOAD CMakeFiles/stm32F407ZGT6.elf.dir/Drivers/STM32F4xx_HAL_Driver/Src/stm32f4xx_hal_dma.c.obj
LOAD CMakeFiles/stm32F407ZGT6.elf.dir/Drivers/STM32F4xx_HAL_Driver/Src/stm32f4xx_hal_dma_ex.c.obj
LOAD CMakeFiles/stm32F407ZGT6.elf.dir/Drivers/STM32F4xx_HAL_Driver/Src/stm32f4xx_hal_exti.c.obj
LOAD CMakeFiles/stm32F407ZGT6.elf.dir/Drivers/STM32F4xx_HAL_Driver/Src/stm32f4xx_hal_flash.c.obj
LOAD CMakeFiles/stm32F407ZGT6.elf.dir/Drivers/STM32F4xx_HAL_Driver/Src/stm32f4xx_hal_flash_ex.c.obj
LOAD CMakeFiles/stm32F407ZGT6.elf.dir/Drivers/STM32F4xx_HAL_Driver/Src/stm32f4xx_hal_flash_ramfunc.c.obj
LOAD CMakeFiles/stm32F407ZGT6.elf.dir/Drivers/STM32F4xx_HAL_Driver/Src/stm32f4xx_hal_gpio.c.obj
LOAD CMakeFiles/stm32F407ZGT6.elf.dir/Drivers/STM32F4xx_HAL_Driver/Src/stm32f4xx_hal_pwr.c.obj
LOAD CMakeFiles/stm32F407ZGT6.elf.dir/Drivers/STM32F4xx_HAL_Driver/Src/stm32f4xx_hal_pwr_ex.c.obj
LOAD CMakeFiles/stm32F407ZGT6.elf.dir/Drivers/STM32F4xx_HAL_Driver/Src/stm32f4xx_hal_rcc.c.obj
LOAD CMakeFiles/stm32F407ZGT6.elf.dir/Drivers/STM32F4xx_HAL_Driver/Src/stm32f4xx_hal_rcc_ex.c.obj
LOAD CMakeFiles/stm32F407ZGT6.elf.dir/Drivers/STM32F4xx_HAL_Driver/Src/stm32f4xx_hal_tim.c.obj
LOAD CMakeFiles/stm32F407ZGT6.elf.dir/Drivers/STM32F4xx_HAL_Driver/Src/stm32f4xx_hal_tim_ex.c.obj
LOAD CMakeFiles/stm32F407ZGT6.elf.dir/Drivers/STM32F4xx_HAL_Driver/Src/stm32f4xx_hal_uart.c.obj
START GROUP
LOAD d:/stm32/gccarm/gcc-arm-none-eabi-10.3-2021.10/bin/../lib/gcc/arm-none-eabi/10.3.1/thumb/v7e-m/nofp\libgcc.a
LOAD d:/stm32/gccarm/gcc-arm-none-eabi-10.3-2021.10/bin/../lib/gcc/arm-none-eabi/10.3.1/../../../../arm-none-eabi/lib/thumb/v7e-m/nofp\libg.a
LOAD d:/stm32/gccarm/gcc-arm-none-eabi-10.3-2021.10/bin/../lib/gcc/arm-none-eabi/10.3.1/../../../../arm-none-eabi/lib/thumb/v7e-m/nofp\libc.a
END GROUP
LOAD d:/stm32/gccarm/gcc-arm-none-eabi-10.3-2021.10/bin/../lib/gcc/arm-none-eabi/10.3.1/thumb/v7e-m/nofp/crtend.o
LOAD d:/stm32/gccarm/gcc-arm-none-eabi-10.3-2021.10/bin/../lib/gcc/arm-none-eabi/10.3.1/thumb/v7e-m/nofp/crtn.o
                0x20020000                _estack = (ORIGIN (RAM) + LENGTH (RAM))
                0x00000200                _Min_Heap_Size = 0x200
                0x00000400                _Min_Stack_Size = 0x400

.isr_vector     0x08000000      0x188
                0x08000000                . = ALIGN (0x4)
 *(.isr_vector)
 .isr_vector    0x08000000      0x188 CMakeFiles/stm32F407ZGT6.elf.dir/Core/Startup/startup_stm32f407zgtx.s.obj
                0x08000000                g_pfnVectors
                0x08000188                . = ALIGN (0x4)

.text           0x080001c0     0x38ac
                0x080001c0                . = ALIGN (0x4)
 *(.text)
 .text          0x080001c0       0x40 d:/stm32/gccarm/gcc-arm-none-eabi-10.3-2021.10/bin/../lib/gcc/arm-none-eabi/10.3.1/thumb/v7e-m/nofp/crtbegin.o
 .text          0x08000200       0x30 d:/stm32/gccarm/gcc-arm-none-eabi-10.3-2021.10/bin/../lib/gcc/arm-none-eabi/10.3.1/thumb/v7e-m/nofp\libgcc.a(_aeabi_uldivmod.o)
                0x08000200                __aeabi_uldivmod
 .text          0x08000230      0x2d0 d:/stm32/gccarm/gcc-arm-none-eabi-10.3-2021.10/bin/../lib/gcc/arm-none-eabi/10.3.1/thumb/v7e-m/nofp\libgcc.a(_udivmoddi4.o)
                0x08000230                __udivmoddi4
 .text          0x08000500        0x4 d:/stm32/gccarm/gcc-arm-none-eabi-10.3-2021.10/bin/../lib/gcc/arm-none-eabi/10.3.1/thumb/v7e-m/nofp\libgcc.a(_dvmd_tls.o)
                0x08000500                __aeabi_idiv0
                0x08000500                __aeabi_ldiv0
 *fill*         0x08000504       0x3c 
 .text          0x08000540       0xdc d:/stm32/gccarm/gcc-arm-none-eabi-10.3-2021.10/bin/../lib/gcc/arm-none-eabi/10.3.1/../../../../arm-none-eabi/lib/thumb/v7e-m/nofp\libg.a(lib_a-strlen.o)
                0x08000540                strlen
 *fill*         0x0800061c        0x4 
 .text          0x08000620       0xa0 d:/stm32/gccarm/gcc-arm-none-eabi-10.3-2021.10/bin/../lib/gcc/arm-none-eabi/10.3.1/../../../../arm-none-eabi/lib/thumb/v7e-m/nofp\libg.a(lib_a-memchr.o)
                0x08000620                memchr
 .text          0x080006c0      0x134 d:/stm32/gccarm/gcc-arm-none-eabi-10.3-2021.10/bin/../lib/gcc/arm-none-eabi/10.3.1/../../../../arm-none-eabi/lib/thumb/v7e-m/nofp\libg.a(lib_a-memcpy.o)
                0x080006c0                memcpy
 *(.text*)
 .text.MX_GPIO_Init
                0x080007f4       0xbc CMakeFiles/stm32F407ZGT6.elf.dir/Core/Src/gpio.c.obj
                0x080007f4                MX_GPIO_Init
 .text.Error_Handler
                0x080008b0        0x4 CMakeFiles/stm32F407ZGT6.elf.dir/Core/Src/main.c.obj
                0x080008b0                Error_Handler
 .text.SystemClock_Config
                0x080008b4       0xa4 CMakeFiles/stm32F407ZGT6.elf.dir/Core/Src/main.c.obj
                0x080008b4                SystemClock_Config
 .text.main     0x08000958       0x38 CMakeFiles/stm32F407ZGT6.elf.dir/Core/Src/main.c.obj
                0x08000958                main
 .text.RetargetInit
                0x08000990       0x20 CMakeFiles/stm32F407ZGT6.elf.dir/Core/Src/retarget.c.obj
                0x08000990                RetargetInit
 .text._isatty  0x080009b0       0x16 CMakeFiles/stm32F407ZGT6.elf.dir/Core/Src/retarget.c.obj
                0x080009b0                _isatty
 *fill*         0x080009c6        0x2 
 .text._write   0x080009c8       0x34 CMakeFiles/stm32F407ZGT6.elf.dir/Core/Src/retarget.c.obj
                0x080009c8                _write
 .text._close   0x080009fc       0x18 CMakeFiles/stm32F407ZGT6.elf.dir/Core/Src/retarget.c.obj
                0x080009fc                _close
 .text._lseek   0x08000a14       0x10 CMakeFiles/stm32F407ZGT6.elf.dir/Core/Src/retarget.c.obj
                0x08000a14                _lseek
 .text._read    0x08000a24       0x30 CMakeFiles/stm32F407ZGT6.elf.dir/Core/Src/retarget.c.obj
                0x08000a24                _read
 .text._fstat   0x08000a54       0x1a CMakeFiles/stm32F407ZGT6.elf.dir/Core/Src/retarget.c.obj
                0x08000a54                _fstat
 *fill*         0x08000a6e        0x2 
 .text.HAL_MspInit
                0x08000a70       0x38 CMakeFiles/stm32F407ZGT6.elf.dir/Core/Src/stm32f4xx_hal_msp.c.obj
                0x08000a70                HAL_MspInit
 .text.NMI_Handler
                0x08000aa8        0x2 CMakeFiles/stm32F407ZGT6.elf.dir/Core/Src/stm32f4xx_it.c.obj
                0x08000aa8                NMI_Handler
 .text.HardFault_Handler
                0x08000aaa        0x2 CMakeFiles/stm32F407ZGT6.elf.dir/Core/Src/stm32f4xx_it.c.obj
                0x08000aaa                HardFault_Handler
 .text.MemManage_Handler
                0x08000aac        0x2 CMakeFiles/stm32F407ZGT6.elf.dir/Core/Src/stm32f4xx_it.c.obj
                0x08000aac                MemManage_Handler
 .text.BusFault_Handler
                0x08000aae        0x2 CMakeFiles/stm32F407ZGT6.elf.dir/Core/Src/stm32f4xx_it.c.obj
                0x08000aae                BusFault_Handler
 .text.UsageFault_Handler
                0x08000ab0        0x2 CMakeFiles/stm32F407ZGT6.elf.dir/Core/Src/stm32f4xx_it.c.obj
                0x08000ab0                UsageFault_Handler
 .text.SVC_Handler
                0x08000ab2        0x2 CMakeFiles/stm32F407ZGT6.elf.dir/Core/Src/stm32f4xx_it.c.obj
                0x08000ab2                SVC_Handler
 .text.DebugMon_Handler
                0x08000ab4        0x2 CMakeFiles/stm32F407ZGT6.elf.dir/Core/Src/stm32f4xx_it.c.obj
                0x08000ab4                DebugMon_Handler
 .text.PendSV_Handler
                0x08000ab6        0x2 CMakeFiles/stm32F407ZGT6.elf.dir/Core/Src/stm32f4xx_it.c.obj
                0x08000ab6                PendSV_Handler
 .text.SysTick_Handler
                0x08000ab8        0x8 CMakeFiles/stm32F407ZGT6.elf.dir/Core/Src/stm32f4xx_it.c.obj
                0x08000ab8                SysTick_Handler
 .text.USART1_IRQHandler
                0x08000ac0       0x10 CMakeFiles/stm32F407ZGT6.elf.dir/Core/Src/stm32f4xx_it.c.obj
                0x08000ac0                USART1_IRQHandler
 .text._sbrk    0x08000ad0       0x48 CMakeFiles/stm32F407ZGT6.elf.dir/Core/Src/sysmem.c.obj
                0x08000ad0                _sbrk
 .text.SystemInit
                0x08000b18        0x2 CMakeFiles/stm32F407ZGT6.elf.dir/Core/Src/system_stm32f4xx.c.obj
                0x08000b18                SystemInit
 *fill*         0x08000b1a        0x2 
 .text.MX_USART1_UART_Init
                0x08000b1c       0x34 CMakeFiles/stm32F407ZGT6.elf.dir/Core/Src/usart.c.obj
                0x08000b1c                MX_USART1_UART_Init
 .text.HAL_UART_MspInit
                0x08000b50       0x80 CMakeFiles/stm32F407ZGT6.elf.dir/Core/Src/usart.c.obj
                0x08000b50                HAL_UART_MspInit
 .text.Reset_Handler
                0x08000bd0       0x50 CMakeFiles/stm32F407ZGT6.elf.dir/Core/Startup/startup_stm32f407zgtx.s.obj
                0x08000bd0                Reset_Handler
 .text.Default_Handler
                0x08000c20        0x2 CMakeFiles/stm32F407ZGT6.elf.dir/Core/Startup/startup_stm32f407zgtx.s.obj
                0x08000c20                RTC_Alarm_IRQHandler
                0x08000c20                HASH_RNG_IRQHandler
                0x08000c20                EXTI2_IRQHandler
                0x08000c20                TIM8_CC_IRQHandler
                0x08000c20                TIM1_CC_IRQHandler
                0x08000c20                DMA2_Stream5_IRQHandler
                0x08000c20                DMA1_Stream5_IRQHandler
                0x08000c20                PVD_IRQHandler
                0x08000c20                SDIO_IRQHandler
                0x08000c20                TAMP_STAMP_IRQHandler
                0x08000c20                CAN2_RX1_IRQHandler
                0x08000c20                EXTI3_IRQHandler
                0x08000c20                TIM8_TRG_COM_TIM14_IRQHandler
                0x08000c20                TIM1_UP_TIM10_IRQHandler
                0x08000c20                TIM8_UP_TIM13_IRQHandler
                0x08000c20                I2C3_ER_IRQHandler
                0x08000c20                EXTI0_IRQHandler
                0x08000c20                I2C2_EV_IRQHandler
                0x08000c20                DMA1_Stream2_IRQHandler
                0x08000c20                CAN1_RX0_IRQHandler
                0x08000c20                FPU_IRQHandler
                0x08000c20                OTG_HS_WKUP_IRQHandler
                0x08000c20                CAN2_SCE_IRQHandler
                0x08000c20                DMA2_Stream2_IRQHandler
                0x08000c20                SPI1_IRQHandler
                0x08000c20                TIM6_DAC_IRQHandler
                0x08000c20                TIM1_BRK_TIM9_IRQHandler
                0x08000c20                DCMI_IRQHandler
                0x08000c20                CAN2_RX0_IRQHandler
                0x08000c20                DMA2_Stream3_IRQHandler
                0x08000c20                USART6_IRQHandler
                0x08000c20                USART3_IRQHandler
                0x08000c20                CAN1_RX1_IRQHandler
                0x08000c20                UART5_IRQHandler
                0x08000c20                DMA2_Stream0_IRQHandler
                0x08000c20                TIM4_IRQHandler
                0x08000c20                I2C1_EV_IRQHandler
                0x08000c20                DMA1_Stream6_IRQHandler
                0x08000c20                DMA1_Stream1_IRQHandler
                0x08000c20                UART4_IRQHandler
                0x08000c20                TIM3_IRQHandler
                0x08000c20                RCC_IRQHandler
                0x08000c20                TIM8_BRK_TIM12_IRQHandler
                0x08000c20                Default_Handler
                0x08000c20                EXTI15_10_IRQHandler
                0x08000c20                ADC_IRQHandler
                0x08000c20                DMA1_Stream7_IRQHandler
                0x08000c20                TIM7_IRQHandler
                0x08000c20                CAN2_TX_IRQHandler
                0x08000c20                TIM5_IRQHandler
                0x08000c20                DMA2_Stream7_IRQHandler
                0x08000c20                I2C3_EV_IRQHandler
                0x08000c20                EXTI9_5_IRQHandler
                0x08000c20                RTC_WKUP_IRQHandler
                0x08000c20                ETH_WKUP_IRQHandler
                0x08000c20                SPI2_IRQHandler
                0x08000c20                OTG_HS_EP1_IN_IRQHandler
                0x08000c20                DMA1_Stream0_IRQHandler
                0x08000c20                CAN1_TX_IRQHandler
                0x08000c20                EXTI4_IRQHandler
                0x08000c20                FSMC_IRQHandler
                0x08000c20                ETH_IRQHandler
                0x08000c20                OTG_HS_EP1_OUT_IRQHandler
                0x08000c20                WWDG_IRQHandler
                0x08000c20                TIM2_IRQHandler
                0x08000c20                OTG_FS_WKUP_IRQHandler
                0x08000c20                TIM1_TRG_COM_TIM11_IRQHandler
                0x08000c20                OTG_HS_IRQHandler
                0x08000c20                EXTI1_IRQHandler
                0x08000c20                USART2_IRQHandler
                0x08000c20                I2C2_ER_IRQHandler
                0x08000c20                DMA2_Stream1_IRQHandler
                0x08000c20                CAN1_SCE_IRQHandler
                0x08000c20                FLASH_IRQHandler
                0x08000c20                DMA2_Stream4_IRQHandler
                0x08000c20                OTG_FS_IRQHandler
                0x08000c20                SPI3_IRQHandler
                0x08000c20                DMA1_Stream4_IRQHandler
                0x08000c20                I2C1_ER_IRQHandler
                0x08000c20                DMA2_Stream6_IRQHandler
                0x08000c20                DMA1_Stream3_IRQHandler
 *fill*         0x08000c22        0x2 
 .text.HAL_InitTick
                0x08000c24       0x4c CMakeFiles/stm32F407ZGT6.elf.dir/Drivers/STM32F4xx_HAL_Driver/Src/stm32f4xx_hal.c.obj
                0x08000c24                HAL_InitTick
 .text.HAL_Init
                0x08000c70       0x34 CMakeFiles/stm32F407ZGT6.elf.dir/Drivers/STM32F4xx_HAL_Driver/Src/stm32f4xx_hal.c.obj
                0x08000c70                HAL_Init
 .text.HAL_IncTick
                0x08000ca4       0x18 CMakeFiles/stm32F407ZGT6.elf.dir/Drivers/STM32F4xx_HAL_Driver/Src/stm32f4xx_hal.c.obj
                0x08000ca4                HAL_IncTick
 .text.HAL_GetTick
                0x08000cbc        0xc CMakeFiles/stm32F407ZGT6.elf.dir/Drivers/STM32F4xx_HAL_Driver/Src/stm32f4xx_hal.c.obj
                0x08000cbc                HAL_GetTick
 .text.HAL_Delay
                0x08000cc8       0x28 CMakeFiles/stm32F407ZGT6.elf.dir/Drivers/STM32F4xx_HAL_Driver/Src/stm32f4xx_hal.c.obj
                0x08000cc8                HAL_Delay
 .text.HAL_NVIC_SetPriorityGrouping
                0x08000cf0       0x24 CMakeFiles/stm32F407ZGT6.elf.dir/Drivers/STM32F4xx_HAL_Driver/Src/stm32f4xx_hal_cortex.c.obj
                0x08000cf0                HAL_NVIC_SetPriorityGrouping
 .text.HAL_NVIC_SetPriority
                0x08000d14       0x70 CMakeFiles/stm32F407ZGT6.elf.dir/Drivers/STM32F4xx_HAL_Driver/Src/stm32f4xx_hal_cortex.c.obj
                0x08000d14                HAL_NVIC_SetPriority
 .text.HAL_NVIC_EnableIRQ
                0x08000d84       0x1c CMakeFiles/stm32F407ZGT6.elf.dir/Drivers/STM32F4xx_HAL_Driver/Src/stm32f4xx_hal_cortex.c.obj
                0x08000d84                HAL_NVIC_EnableIRQ
 .text.HAL_SYSTICK_Config
                0x08000da0       0x28 CMakeFiles/stm32F407ZGT6.elf.dir/Drivers/STM32F4xx_HAL_Driver/Src/stm32f4xx_hal_cortex.c.obj
                0x08000da0                HAL_SYSTICK_Config
 .text.HAL_DMA_Abort
                0x08000dc8       0x94 CMakeFiles/stm32F407ZGT6.elf.dir/Drivers/STM32F4xx_HAL_Driver/Src/stm32f4xx_hal_dma.c.obj
                0x08000dc8                HAL_DMA_Abort
 .text.HAL_DMA_Abort_IT
                0x08000e5c       0x26 CMakeFiles/stm32F407ZGT6.elf.dir/Drivers/STM32F4xx_HAL_Driver/Src/stm32f4xx_hal_dma.c.obj
                0x08000e5c                HAL_DMA_Abort_IT
 *fill*         0x08000e82        0x2 
 .text.HAL_GPIO_Init
                0x08000e84      0x1e4 CMakeFiles/stm32F407ZGT6.elf.dir/Drivers/STM32F4xx_HAL_Driver/Src/stm32f4xx_hal_gpio.c.obj
                0x08000e84                HAL_GPIO_Init
 .text.HAL_GPIO_WritePin
                0x08001068        0xc CMakeFiles/stm32F407ZGT6.elf.dir/Drivers/STM32F4xx_HAL_Driver/Src/stm32f4xx_hal_gpio.c.obj
                0x08001068                HAL_GPIO_WritePin
 .text.HAL_RCC_OscConfig
                0x08001074      0x3f8 CMakeFiles/stm32F407ZGT6.elf.dir/Drivers/STM32F4xx_HAL_Driver/Src/stm32f4xx_hal_rcc.c.obj
                0x08001074                HAL_RCC_OscConfig
 .text.HAL_RCC_GetSysClockFreq
                0x0800146c       0xa4 CMakeFiles/stm32F407ZGT6.elf.dir/Drivers/STM32F4xx_HAL_Driver/Src/stm32f4xx_hal_rcc.c.obj
                0x0800146c                HAL_RCC_GetSysClockFreq
 .text.HAL_RCC_ClockConfig
                0x08001510      0x160 CMakeFiles/stm32F407ZGT6.elf.dir/Drivers/STM32F4xx_HAL_Driver/Src/stm32f4xx_hal_rcc.c.obj
                0x08001510                HAL_RCC_ClockConfig
 .text.HAL_RCC_GetHCLKFreq
                0x08001670        0xc CMakeFiles/stm32F407ZGT6.elf.dir/Drivers/STM32F4xx_HAL_Driver/Src/stm32f4xx_hal_rcc.c.obj
                0x08001670                HAL_RCC_GetHCLKFreq
 .text.HAL_RCC_GetPCLK1Freq
                0x0800167c       0x20 CMakeFiles/stm32F407ZGT6.elf.dir/Drivers/STM32F4xx_HAL_Driver/Src/stm32f4xx_hal_rcc.c.obj
                0x0800167c                HAL_RCC_GetPCLK1Freq
 .text.HAL_RCC_GetPCLK2Freq
                0x0800169c       0x20 CMakeFiles/stm32F407ZGT6.elf.dir/Drivers/STM32F4xx_HAL_Driver/Src/stm32f4xx_hal_rcc.c.obj
                0x0800169c                HAL_RCC_GetPCLK2Freq
 .text.UART_EndRxTransfer
                0x080016bc       0x5c CMakeFiles/stm32F407ZGT6.elf.dir/Drivers/STM32F4xx_HAL_Driver/Src/stm32f4xx_hal_uart.c.obj
 .text.UART_Transmit_IT
                0x08001718       0x60 CMakeFiles/stm32F407ZGT6.elf.dir/Drivers/STM32F4xx_HAL_Driver/Src/stm32f4xx_hal_uart.c.obj
 .text.UART_SetConfig
                0x08001778      0x110 CMakeFiles/stm32F407ZGT6.elf.dir/Drivers/STM32F4xx_HAL_Driver/Src/stm32f4xx_hal_uart.c.obj
 .text.UART_WaitOnFlagUntilTimeout
                0x08001888       0x8a CMakeFiles/stm32F407ZGT6.elf.dir/Drivers/STM32F4xx_HAL_Driver/Src/stm32f4xx_hal_uart.c.obj
 .text.HAL_UART_Init
                0x08001912       0x60 CMakeFiles/stm32F407ZGT6.elf.dir/Drivers/STM32F4xx_HAL_Driver/Src/stm32f4xx_hal_uart.c.obj
                0x08001912                HAL_UART_Init
 .text.HAL_UART_Transmit
                0x08001972       0xcc CMakeFiles/stm32F407ZGT6.elf.dir/Drivers/STM32F4xx_HAL_Driver/Src/stm32f4xx_hal_uart.c.obj
                0x08001972                HAL_UART_Transmit
 .text.HAL_UART_Receive
                0x08001a3e       0xd2 CMakeFiles/stm32F407ZGT6.elf.dir/Drivers/STM32F4xx_HAL_Driver/Src/stm32f4xx_hal_uart.c.obj
                0x08001a3e                HAL_UART_Receive
 .text.HAL_UART_TxCpltCallback
                0x08001b10        0x2 CMakeFiles/stm32F407ZGT6.elf.dir/Drivers/STM32F4xx_HAL_Driver/Src/stm32f4xx_hal_uart.c.obj
                0x08001b10                HAL_UART_TxCpltCallback
 .text.UART_EndTransmit_IT
                0x08001b12       0x1a CMakeFiles/stm32F407ZGT6.elf.dir/Drivers/STM32F4xx_HAL_Driver/Src/stm32f4xx_hal_uart.c.obj
 .text.HAL_UART_RxCpltCallback
                0x08001b2c        0x2 CMakeFiles/stm32F407ZGT6.elf.dir/Drivers/STM32F4xx_HAL_Driver/Src/stm32f4xx_hal_uart.c.obj
                0x08001b2c                HAL_UART_RxCpltCallback
 .text.HAL_UART_ErrorCallback
                0x08001b2e        0x2 CMakeFiles/stm32F407ZGT6.elf.dir/Drivers/STM32F4xx_HAL_Driver/Src/stm32f4xx_hal_uart.c.obj
                0x08001b2e                HAL_UART_ErrorCallback
 .text.UART_DMAAbortOnError
                0x08001b30       0x10 CMakeFiles/stm32F407ZGT6.elf.dir/Drivers/STM32F4xx_HAL_Driver/Src/stm32f4xx_hal_uart.c.obj
 .text.HAL_UARTEx_RxEventCallback
                0x08001b40        0x2 CMakeFiles/stm32F407ZGT6.elf.dir/Drivers/STM32F4xx_HAL_Driver/Src/stm32f4xx_hal_uart.c.obj
                0x08001b40                HAL_UARTEx_RxEventCallback
 .text.UART_Receive_IT
                0x08001b42       0xe6 CMakeFiles/stm32F407ZGT6.elf.dir/Drivers/STM32F4xx_HAL_Driver/Src/stm32f4xx_hal_uart.c.obj
 .text.HAL_UART_IRQHandler
                0x08001c28      0x288 CMakeFiles/stm32F407ZGT6.elf.dir/Drivers/STM32F4xx_HAL_Driver/Src/stm32f4xx_hal_uart.c.obj
                0x08001c28                HAL_UART_IRQHandler
 .text.__errno  0x08001eb0        0xc d:/stm32/gccarm/gcc-arm-none-eabi-10.3-2021.10/bin/../lib/gcc/arm-none-eabi/10.3.1/../../../../arm-none-eabi/lib/thumb/v7e-m/nofp\libg.a(lib_a-errno.o)
                0x08001eb0                __errno
 .text.__libc_init_array
                0x08001ebc       0x48 d:/stm32/gccarm/gcc-arm-none-eabi-10.3-2021.10/bin/../lib/gcc/arm-none-eabi/10.3.1/../../../../arm-none-eabi/lib/thumb/v7e-m/nofp\libg.a(lib_a-init.o)
                0x08001ebc                __libc_init_array
 .text.memset   0x08001f04       0xa4 d:/stm32/gccarm/gcc-arm-none-eabi-10.3-2021.10/bin/../lib/gcc/arm-none-eabi/10.3.1/../../../../arm-none-eabi/lib/thumb/v7e-m/nofp\libg.a(lib_a-memset.o)
                0x08001f04                memset
 .text._puts_r  0x08001fa8       0x9c d:/stm32/gccarm/gcc-arm-none-eabi-10.3-2021.10/bin/../lib/gcc/arm-none-eabi/10.3.1/../../../../arm-none-eabi/lib/thumb/v7e-m/nofp\libg.a(lib_a-puts.o)
                0x08001fa8                _puts_r
 .text.puts     0x08002044       0x10 d:/stm32/gccarm/gcc-arm-none-eabi-10.3-2021.10/bin/../lib/gcc/arm-none-eabi/10.3.1/../../../../arm-none-eabi/lib/thumb/v7e-m/nofp\libg.a(lib_a-puts.o)
                0x08002044                puts
 .text.setvbuf  0x08002054      0x1b0 d:/stm32/gccarm/gcc-arm-none-eabi-10.3-2021.10/bin/../lib/gcc/arm-none-eabi/10.3.1/../../../../arm-none-eabi/lib/thumb/v7e-m/nofp\libg.a(lib_a-setvbuf.o)
                0x08002054                setvbuf
 .text.startup.register_fini
                0x08002204       0x14 d:/stm32/gccarm/gcc-arm-none-eabi-10.3-2021.10/bin/../lib/gcc/arm-none-eabi/10.3.1/../../../../arm-none-eabi/lib/thumb/v7e-m/nofp\libg.a(lib_a-__call_atexit.o)
 .text.atexit   0x08002218        0xc d:/stm32/gccarm/gcc-arm-none-eabi-10.3-2021.10/bin/../lib/gcc/arm-none-eabi/10.3.1/../../../../arm-none-eabi/lib/thumb/v7e-m/nofp\libg.a(lib_a-atexit.o)
                0x08002218                atexit
 .text.__sflush_r
                0x08002224      0x120 d:/stm32/gccarm/gcc-arm-none-eabi-10.3-2021.10/bin/../lib/gcc/arm-none-eabi/10.3.1/../../../../arm-none-eabi/lib/thumb/v7e-m/nofp\libg.a(lib_a-fflush.o)
                0x08002224                __sflush_r
 .text._fflush_r
                0x08002344       0x5c d:/stm32/gccarm/gcc-arm-none-eabi-10.3-2021.10/bin/../lib/gcc/arm-none-eabi/10.3.1/../../../../arm-none-eabi/lib/thumb/v7e-m/nofp\libg.a(lib_a-fflush.o)
                0x08002344                _fflush_r
 .text._cleanup_r
                0x080023a0        0xc d:/stm32/gccarm/gcc-arm-none-eabi-10.3-2021.10/bin/../lib/gcc/arm-none-eabi/10.3.1/../../../../arm-none-eabi/lib/thumb/v7e-m/nofp\libg.a(lib_a-findfp.o)
                0x080023a0                _cleanup_r
 .text.__sinit  0x080023ac      0x10c d:/stm32/gccarm/gcc-arm-none-eabi-10.3-2021.10/bin/../lib/gcc/arm-none-eabi/10.3.1/../../../../arm-none-eabi/lib/thumb/v7e-m/nofp\libg.a(lib_a-findfp.o)
                0x080023ac                __sinit
 .text.__sfp_lock_acquire
                0x080024b8        0xc d:/stm32/gccarm/gcc-arm-none-eabi-10.3-2021.10/bin/../lib/gcc/arm-none-eabi/10.3.1/../../../../arm-none-eabi/lib/thumb/v7e-m/nofp\libg.a(lib_a-findfp.o)
                0x080024b8                __sfp_lock_acquire
 .text.__sfp_lock_release
                0x080024c4        0xc d:/stm32/gccarm/gcc-arm-none-eabi-10.3-2021.10/bin/../lib/gcc/arm-none-eabi/10.3.1/../../../../arm-none-eabi/lib/thumb/v7e-m/nofp\libg.a(lib_a-findfp.o)
                0x080024c4                __sfp_lock_release
 .text.__libc_fini_array
                0x080024d0       0x2c d:/stm32/gccarm/gcc-arm-none-eabi-10.3-2021.10/bin/../lib/gcc/arm-none-eabi/10.3.1/../../../../arm-none-eabi/lib/thumb/v7e-m/nofp\libg.a(lib_a-fini.o)
                0x080024d0                __libc_fini_array
 .text._malloc_trim_r
                0x080024fc       0xa0 d:/stm32/gccarm/gcc-arm-none-eabi-10.3-2021.10/bin/../lib/gcc/arm-none-eabi/10.3.1/../../../../arm-none-eabi/lib/thumb/v7e-m/nofp\libg.a(lib_a-freer.o)
                0x080024fc                _malloc_trim_r
 .text._free_r  0x0800259c      0x20c d:/stm32/gccarm/gcc-arm-none-eabi-10.3-2021.10/bin/../lib/gcc/arm-none-eabi/10.3.1/../../../../arm-none-eabi/lib/thumb/v7e-m/nofp\libg.a(lib_a-freer.o)
                0x0800259c                _free_r
 .text.__sfvwrite_r
                0x080027a8      0x2e8 d:/stm32/gccarm/gcc-arm-none-eabi-10.3-2021.10/bin/../lib/gcc/arm-none-eabi/10.3.1/../../../../arm-none-eabi/lib/thumb/v7e-m/nofp\libg.a(lib_a-fvwrite.o)
                0x080027a8                __sfvwrite_r
 .text._fwalk_reent
                0x08002a90       0x48 d:/stm32/gccarm/gcc-arm-none-eabi-10.3-2021.10/bin/../lib/gcc/arm-none-eabi/10.3.1/../../../../arm-none-eabi/lib/thumb/v7e-m/nofp\libg.a(lib_a-fwalk.o)
                0x08002a90                _fwalk_reent
 .text.__retarget_lock_init_recursive
                0x08002ad8        0x4 d:/stm32/gccarm/gcc-arm-none-eabi-10.3-2021.10/bin/../lib/gcc/arm-none-eabi/10.3.1/../../../../arm-none-eabi/lib/thumb/v7e-m/nofp\libg.a(lib_a-lock.o)
                0x08002ad8                __retarget_lock_init_recursive
 .text.__retarget_lock_close_recursive
                0x08002adc        0x4 d:/stm32/gccarm/gcc-arm-none-eabi-10.3-2021.10/bin/../lib/gcc/arm-none-eabi/10.3.1/../../../../arm-none-eabi/lib/thumb/v7e-m/nofp\libg.a(lib_a-lock.o)
                0x08002adc                __retarget_lock_close_recursive
 .text.__retarget_lock_acquire_recursive
                0x08002ae0        0x4 d:/stm32/gccarm/gcc-arm-none-eabi-10.3-2021.10/bin/../lib/gcc/arm-none-eabi/10.3.1/../../../../arm-none-eabi/lib/thumb/v7e-m/nofp\libg.a(lib_a-lock.o)
                0x08002ae0                __retarget_lock_acquire_recursive
 .text.__retarget_lock_release_recursive
                0x08002ae4        0x4 d:/stm32/gccarm/gcc-arm-none-eabi-10.3-2021.10/bin/../lib/gcc/arm-none-eabi/10.3.1/../../../../arm-none-eabi/lib/thumb/v7e-m/nofp\libg.a(lib_a-lock.o)
                0x08002ae4                __retarget_lock_release_recursive
 .text.__smakebuf_r
                0x08002ae8       0xe0 d:/stm32/gccarm/gcc-arm-none-eabi-10.3-2021.10/bin/../lib/gcc/arm-none-eabi/10.3.1/../../../../arm-none-eabi/lib/thumb/v7e-m/nofp\libg.a(lib_a-makebuf.o)
                0x08002ae8                __smakebuf_r
 .text.__swhatbuf_r
                0x08002bc8       0x60 d:/stm32/gccarm/gcc-arm-none-eabi-10.3-2021.10/bin/../lib/gcc/arm-none-eabi/10.3.1/../../../../arm-none-eabi/lib/thumb/v7e-m/nofp\libg.a(lib_a-makebuf.o)
                0x08002bc8                __swhatbuf_r
 .text.malloc   0x08002c28       0x10 d:/stm32/gccarm/gcc-arm-none-eabi-10.3-2021.10/bin/../lib/gcc/arm-none-eabi/10.3.1/../../../../arm-none-eabi/lib/thumb/v7e-m/nofp\libg.a(lib_a-malloc.o)
                0x08002c28                malloc
 .text._malloc_r
                0x08002c38      0x560 d:/stm32/gccarm/gcc-arm-none-eabi-10.3-2021.10/bin/../lib/gcc/arm-none-eabi/10.3.1/../../../../arm-none-eabi/lib/thumb/v7e-m/nofp\libg.a(lib_a-mallocr.o)
                0x08002c38                _malloc_r
 .text.memmove  0x08003198       0xf8 d:/stm32/gccarm/gcc-arm-none-eabi-10.3-2021.10/bin/../lib/gcc/arm-none-eabi/10.3.1/../../../../arm-none-eabi/lib/thumb/v7e-m/nofp\libg.a(lib_a-memmove.o)
                0x08003198                memmove
 .text.__malloc_lock
                0x08003290        0xc d:/stm32/gccarm/gcc-arm-none-eabi-10.3-2021.10/bin/../lib/gcc/arm-none-eabi/10.3.1/../../../../arm-none-eabi/lib/thumb/v7e-m/nofp\libg.a(lib_a-mlock.o)
                0x08003290                __malloc_lock
 .text.__malloc_unlock
                0x0800329c        0xc d:/stm32/gccarm/gcc-arm-none-eabi-10.3-2021.10/bin/../lib/gcc/arm-none-eabi/10.3.1/../../../../arm-none-eabi/lib/thumb/v7e-m/nofp\libg.a(lib_a-mlock.o)
                0x0800329c                __malloc_unlock
 .text._realloc_r
                0x080032a8      0x3d8 d:/stm32/gccarm/gcc-arm-none-eabi-10.3-2021.10/bin/../lib/gcc/arm-none-eabi/10.3.1/../../../../arm-none-eabi/lib/thumb/v7e-m/nofp\libg.a(lib_a-reallocr.o)
                0x080032a8                _realloc_r
 .text._sbrk_r  0x08003680       0x24 d:/stm32/gccarm/gcc-arm-none-eabi-10.3-2021.10/bin/../lib/gcc/arm-none-eabi/10.3.1/../../../../arm-none-eabi/lib/thumb/v7e-m/nofp\libg.a(lib_a-sbrkr.o)
                0x08003680                _sbrk_r
 .text.__sread  0x080036a4       0x24 d:/stm32/gccarm/gcc-arm-none-eabi-10.3-2021.10/bin/../lib/gcc/arm-none-eabi/10.3.1/../../../../arm-none-eabi/lib/thumb/v7e-m/nofp\libg.a(lib_a-stdio.o)
                0x080036a4                __sread
 .text.__swrite
                0x080036c8       0x40 d:/stm32/gccarm/gcc-arm-none-eabi-10.3-2021.10/bin/../lib/gcc/arm-none-eabi/10.3.1/../../../../arm-none-eabi/lib/thumb/v7e-m/nofp\libg.a(lib_a-stdio.o)
                0x080036c8                __swrite
 .text.__sseek  0x08003708       0x20 d:/stm32/gccarm/gcc-arm-none-eabi-10.3-2021.10/bin/../lib/gcc/arm-none-eabi/10.3.1/../../../../arm-none-eabi/lib/thumb/v7e-m/nofp\libg.a(lib_a-stdio.o)
                0x08003708                __sseek
 .text.__sclose
                0x08003728        0x8 d:/stm32/gccarm/gcc-arm-none-eabi-10.3-2021.10/bin/../lib/gcc/arm-none-eabi/10.3.1/../../../../arm-none-eabi/lib/thumb/v7e-m/nofp\libg.a(lib_a-stdio.o)
                0x08003728                __sclose
 .text._write_r
                0x08003730       0x2c d:/stm32/gccarm/gcc-arm-none-eabi-10.3-2021.10/bin/../lib/gcc/arm-none-eabi/10.3.1/../../../../arm-none-eabi/lib/thumb/v7e-m/nofp\libg.a(lib_a-writer.o)
                0x08003730                _write_r
 .text.__swsetup_r
                0x0800375c       0xd4 d:/stm32/gccarm/gcc-arm-none-eabi-10.3-2021.10/bin/../lib/gcc/arm-none-eabi/10.3.1/../../../../arm-none-eabi/lib/thumb/v7e-m/nofp\libg.a(lib_a-wsetup.o)
                0x0800375c                __swsetup_r
 .text.__register_exitproc
                0x08003830       0x8c d:/stm32/gccarm/gcc-arm-none-eabi-10.3-2021.10/bin/../lib/gcc/arm-none-eabi/10.3.1/../../../../arm-none-eabi/lib/thumb/v7e-m/nofp\libg.a(lib_a-__atexit.o)
                0x08003830                __register_exitproc
 .text._close_r
                0x080038bc       0x24 d:/stm32/gccarm/gcc-arm-none-eabi-10.3-2021.10/bin/../lib/gcc/arm-none-eabi/10.3.1/../../../../arm-none-eabi/lib/thumb/v7e-m/nofp\libg.a(lib_a-closer.o)
                0x080038bc                _close_r
 .text._fclose_r
                0x080038e0       0xcc d:/stm32/gccarm/gcc-arm-none-eabi-10.3-2021.10/bin/../lib/gcc/arm-none-eabi/10.3.1/../../../../arm-none-eabi/lib/thumb/v7e-m/nofp\libg.a(lib_a-fclose.o)
                0x080038e0                _fclose_r
 .text._fstat_r
                0x080039ac       0x2c d:/stm32/gccarm/gcc-arm-none-eabi-10.3-2021.10/bin/../lib/gcc/arm-none-eabi/10.3.1/../../../../arm-none-eabi/lib/thumb/v7e-m/nofp\libg.a(lib_a-fstatr.o)
                0x080039ac                _fstat_r
 .text._isatty_r
                0x080039d8       0x24 d:/stm32/gccarm/gcc-arm-none-eabi-10.3-2021.10/bin/../lib/gcc/arm-none-eabi/10.3.1/../../../../arm-none-eabi/lib/thumb/v7e-m/nofp\libg.a(lib_a-isattyr.o)
                0x080039d8                _isatty_r
 .text._lseek_r
                0x080039fc       0x2c d:/stm32/gccarm/gcc-arm-none-eabi-10.3-2021.10/bin/../lib/gcc/arm-none-eabi/10.3.1/../../../../arm-none-eabi/lib/thumb/v7e-m/nofp\libg.a(lib_a-lseekr.o)
                0x080039fc                _lseek_r
 .text._read_r  0x08003a28       0x2c d:/stm32/gccarm/gcc-arm-none-eabi-10.3-2021.10/bin/../lib/gcc/arm-none-eabi/10.3.1/../../../../arm-none-eabi/lib/thumb/v7e-m/nofp\libg.a(lib_a-readr.o)
                0x08003a28                _read_r
 *(.glue_7)
 .glue_7        0x08003a54        0x0 linker stubs
 *(.glue_7t)
 .glue_7t       0x08003a54        0x0 linker stubs
 *(.eh_frame)
 .eh_frame      0x08003a54        0x0 d:/stm32/gccarm/gcc-arm-none-eabi-10.3-2021.10/bin/../lib/gcc/arm-none-eabi/10.3.1/thumb/v7e-m/nofp/crtbegin.o
 *(.init)
 .init          0x08003a54        0x4 d:/stm32/gccarm/gcc-arm-none-eabi-10.3-2021.10/bin/../lib/gcc/arm-none-eabi/10.3.1/thumb/v7e-m/nofp/crti.o
                0x08003a54                _init
 .init          0x08003a58        0x8 d:/stm32/gccarm/gcc-arm-none-eabi-10.3-2021.10/bin/../lib/gcc/arm-none-eabi/10.3.1/thumb/v7e-m/nofp/crtn.o
 *(.fini)
 .fini          0x08003a60        0x4 d:/stm32/gccarm/gcc-arm-none-eabi-10.3-2021.10/bin/../lib/gcc/arm-none-eabi/10.3.1/thumb/v7e-m/nofp/crti.o
                0x08003a60                _fini
 .fini          0x08003a64        0x8 d:/stm32/gccarm/gcc-arm-none-eabi-10.3-2021.10/bin/../lib/gcc/arm-none-eabi/10.3.1/thumb/v7e-m/nofp/crtn.o
                0x08003a6c                . = ALIGN (0x4)
                0x08003a6c                _etext = .

.vfp11_veneer   0x08003a6c        0x0
 .vfp11_veneer  0x08003a6c        0x0 linker stubs

.v4_bx          0x08003a6c        0x0
 .v4_bx         0x08003a6c        0x0 linker stubs

.iplt           0x08003a6c        0x0
 .iplt          0x08003a6c        0x0 d:/stm32/gccarm/gcc-arm-none-eabi-10.3-2021.10/bin/../lib/gcc/arm-none-eabi/10.3.1/thumb/v7e-m/nofp/crtbegin.o

.rodata         0x08003a6c       0x30
                0x08003a6c                . = ALIGN (0x4)
 *(.rodata)
 *(.rodata*)
 .rodata.main.str1.4
                0x08003a6c        0xd CMakeFiles/stm32F407ZGT6.elf.dir/Core/Src/main.c.obj
 *fill*         0x08003a79        0x3 
 .rodata.AHBPrescTable
                0x08003a7c       0x10 CMakeFiles/stm32F407ZGT6.elf.dir/Core/Src/system_stm32f4xx.c.obj
                0x08003a7c                AHBPrescTable
 .rodata.APBPrescTable
                0x08003a8c        0x8 CMakeFiles/stm32F407ZGT6.elf.dir/Core/Src/system_stm32f4xx.c.obj
                0x08003a8c                APBPrescTable
 .rodata._global_impure_ptr
                0x08003a94        0x4 d:/stm32/gccarm/gcc-arm-none-eabi-10.3-2021.10/bin/../lib/gcc/arm-none-eabi/10.3.1/../../../../arm-none-eabi/lib/thumb/v7e-m/nofp\libg.a(lib_a-impure.o)
                0x08003a94                _global_impure_ptr
 .rodata._puts_r.str1.4
                0x08003a98        0x2 d:/stm32/gccarm/gcc-arm-none-eabi-10.3-2021.10/bin/../lib/gcc/arm-none-eabi/10.3.1/../../../../arm-none-eabi/lib/thumb/v7e-m/nofp\libg.a(lib_a-puts.o)
                0x08003a9c                . = ALIGN (0x4)
 *fill*         0x08003a9a        0x2 

.ARM.extab      0x08003a9c        0x0
                0x08003a9c                . = ALIGN (0x4)
 *(.ARM.extab* .gnu.linkonce.armextab.*)
                0x08003a9c                . = ALIGN (0x4)

.ARM            0x08003a9c        0x8
                0x08003a9c                . = ALIGN (0x4)
                0x08003a9c                __exidx_start = .
 *(.ARM.exidx*)
 .ARM.exidx     0x08003a9c        0x8 d:/stm32/gccarm/gcc-arm-none-eabi-10.3-2021.10/bin/../lib/gcc/arm-none-eabi/10.3.1/thumb/v7e-m/nofp\libgcc.a(_udivmoddi4.o)
                0x08003aa4                __exidx_end = .
                0x08003aa4                . = ALIGN (0x4)

.rel.dyn        0x08003aa4        0x0
 .rel.iplt      0x08003aa4        0x0 d:/stm32/gccarm/gcc-arm-none-eabi-10.3-2021.10/bin/../lib/gcc/arm-none-eabi/10.3.1/thumb/v7e-m/nofp/crtbegin.o

.preinit_array  0x08003aa4        0x0
                0x08003aa4                . = ALIGN (0x4)
                0x08003aa4                PROVIDE (__preinit_array_start = .)
 *(.preinit_array*)
                0x08003aa4                PROVIDE (__preinit_array_end = .)
                0x08003aa4                . = ALIGN (0x4)

.init_array     0x08003aa4        0x8
                0x08003aa4                . = ALIGN (0x4)
                0x08003aa4                PROVIDE (__init_array_start = .)
 *(SORT_BY_NAME(.init_array.*))
 .init_array.00000
                0x08003aa4        0x4 d:/stm32/gccarm/gcc-arm-none-eabi-10.3-2021.10/bin/../lib/gcc/arm-none-eabi/10.3.1/../../../../arm-none-eabi/lib/thumb/v7e-m/nofp\libg.a(lib_a-__call_atexit.o)
 *(.init_array*)
 .init_array    0x08003aa8        0x4 d:/stm32/gccarm/gcc-arm-none-eabi-10.3-2021.10/bin/../lib/gcc/arm-none-eabi/10.3.1/thumb/v7e-m/nofp/crtbegin.o
                0x08003aac                PROVIDE (__init_array_end = .)
                0x08003aac                . = ALIGN (0x4)

.fini_array     0x08003aac        0x4
                0x08003aac                . = ALIGN (0x4)
                0x08003aac                PROVIDE (__fini_array_start = .)
 *(SORT_BY_NAME(.fini_array.*))
 *(.fini_array*)
 .fini_array    0x08003aac        0x4 d:/stm32/gccarm/gcc-arm-none-eabi-10.3-2021.10/bin/../lib/gcc/arm-none-eabi/10.3.1/thumb/v7e-m/nofp/crtbegin.o
                0x08003ab0                PROVIDE (__fini_array_end = .)
                0x08003ab0                . = ALIGN (0x4)
                0x08003ab0                _sidata = LOADADDR (.data)

.data           0x20000000      0x84c load address 0x08003ab0
                0x20000000                . = ALIGN (0x4)
                0x20000000                _sdata = .
 *(.data)
 *(.data*)
 .data.SystemCoreClock
                0x20000000        0x4 CMakeFiles/stm32F407ZGT6.elf.dir/Core/Src/system_stm32f4xx.c.obj
                0x20000000                SystemCoreClock
 .data.uwTickFreq
                0x20000004        0x1 CMakeFiles/stm32F407ZGT6.elf.dir/Drivers/STM32F4xx_HAL_Driver/Src/stm32f4xx_hal.c.obj
                0x20000004                uwTickFreq
 *fill*         0x20000005        0x3 
 .data.uwTickPrio
                0x20000008        0x4 CMakeFiles/stm32F407ZGT6.elf.dir/Drivers/STM32F4xx_HAL_Driver/Src/stm32f4xx_hal.c.obj
                0x20000008                uwTickPrio
 .data._impure_ptr
                0x2000000c        0x4 d:/stm32/gccarm/gcc-arm-none-eabi-10.3-2021.10/bin/../lib/gcc/arm-none-eabi/10.3.1/../../../../arm-none-eabi/lib/thumb/v7e-m/nofp\libg.a(lib_a-impure.o)
                0x2000000c                _impure_ptr
 .data.impure_data
                0x20000010      0x428 d:/stm32/gccarm/gcc-arm-none-eabi-10.3-2021.10/bin/../lib/gcc/arm-none-eabi/10.3.1/../../../../arm-none-eabi/lib/thumb/v7e-m/nofp\libg.a(lib_a-impure.o)
 .data.__atexit_recursive_mutex
                0x20000438        0x4 d:/stm32/gccarm/gcc-arm-none-eabi-10.3-2021.10/bin/../lib/gcc/arm-none-eabi/10.3.1/../../../../arm-none-eabi/lib/thumb/v7e-m/nofp\libg.a(lib_a-__call_atexit.o)
                0x20000438                __atexit_recursive_mutex
 .data.__malloc_av_
                0x2000043c      0x408 d:/stm32/gccarm/gcc-arm-none-eabi-10.3-2021.10/bin/../lib/gcc/arm-none-eabi/10.3.1/../../../../arm-none-eabi/lib/thumb/v7e-m/nofp\libg.a(lib_a-mallocr.o)
                0x2000043c                __malloc_av_
 .data.__malloc_sbrk_base
                0x20000844        0x4 d:/stm32/gccarm/gcc-arm-none-eabi-10.3-2021.10/bin/../lib/gcc/arm-none-eabi/10.3.1/../../../../arm-none-eabi/lib/thumb/v7e-m/nofp\libg.a(lib_a-mallocr.o)
                0x20000844                __malloc_sbrk_base
 .data.__malloc_trim_threshold
                0x20000848        0x4 d:/stm32/gccarm/gcc-arm-none-eabi-10.3-2021.10/bin/../lib/gcc/arm-none-eabi/10.3.1/../../../../arm-none-eabi/lib/thumb/v7e-m/nofp\libg.a(lib_a-mallocr.o)
                0x20000848                __malloc_trim_threshold
 *(.RamFunc)
 *(.RamFunc*)
                0x2000084c                . = ALIGN (0x4)
                0x2000084c                _edata = .
                0x080042fc                _siccmram = LOADADDR (.ccmram)

.igot.plt       0x2000084c        0x0 load address 0x080042fc
 .igot.plt      0x2000084c        0x0 d:/stm32/gccarm/gcc-arm-none-eabi-10.3-2021.10/bin/../lib/gcc/arm-none-eabi/10.3.1/thumb/v7e-m/nofp/crtbegin.o

.ccmram         0x10000000        0x0 load address 0x080042fc
                0x10000000                . = ALIGN (0x4)
                0x10000000                _sccmram = .
 *(.ccmram)
 *(.ccmram*)
                0x10000000                . = ALIGN (0x4)
                0x10000000                _eccmram = .
                0x10000000                . = ALIGN (0x4)

.bss            0x2000084c       0xb8
                0x2000084c                _sbss = .
                0x2000084c                __bss_start__ = _sbss
 *(.bss)
 .bss           0x2000084c       0x1c d:/stm32/gccarm/gcc-arm-none-eabi-10.3-2021.10/bin/../lib/gcc/arm-none-eabi/10.3.1/thumb/v7e-m/nofp/crtbegin.o
 *(.bss*)
 .bss.gHuart    0x20000868        0x4 CMakeFiles/stm32F407ZGT6.elf.dir/Core/Src/retarget.c.obj
                0x20000868                gHuart
 .bss.__sbrk_heap_end
                0x2000086c        0x4 CMakeFiles/stm32F407ZGT6.elf.dir/Core/Src/sysmem.c.obj
 .bss.huart1    0x20000870       0x48 CMakeFiles/stm32F407ZGT6.elf.dir/Core/Src/usart.c.obj
                0x20000870                huart1
 .bss.uwTick    0x200008b8        0x4 CMakeFiles/stm32F407ZGT6.elf.dir/Drivers/STM32F4xx_HAL_Driver/Src/stm32f4xx_hal.c.obj
                0x200008b8                uwTick
 .bss.__lock___atexit_recursive_mutex
                0x200008bc        0x1 d:/stm32/gccarm/gcc-arm-none-eabi-10.3-2021.10/bin/../lib/gcc/arm-none-eabi/10.3.1/../../../../arm-none-eabi/lib/thumb/v7e-m/nofp\libg.a(lib_a-lock.o)
                0x200008bc                __lock___atexit_recursive_mutex
 *fill*         0x200008bd        0x3 
 .bss.__lock___malloc_recursive_mutex
                0x200008c0        0x1 d:/stm32/gccarm/gcc-arm-none-eabi-10.3-2021.10/bin/../lib/gcc/arm-none-eabi/10.3.1/../../../../arm-none-eabi/lib/thumb/v7e-m/nofp\libg.a(lib_a-lock.o)
                0x200008c0                __lock___malloc_recursive_mutex
 *fill*         0x200008c1        0x3 
 .bss.__lock___sfp_recursive_mutex
                0x200008c4        0x1 d:/stm32/gccarm/gcc-arm-none-eabi-10.3-2021.10/bin/../lib/gcc/arm-none-eabi/10.3.1/../../../../arm-none-eabi/lib/thumb/v7e-m/nofp\libg.a(lib_a-lock.o)
                0x200008c4                __lock___sfp_recursive_mutex
 *fill*         0x200008c5        0x3 
 .bss.__lock___sinit_recursive_mutex
                0x200008c8        0x1 d:/stm32/gccarm/gcc-arm-none-eabi-10.3-2021.10/bin/../lib/gcc/arm-none-eabi/10.3.1/../../../../arm-none-eabi/lib/thumb/v7e-m/nofp\libg.a(lib_a-lock.o)
                0x200008c8                __lock___sinit_recursive_mutex
 *fill*         0x200008c9        0x3 
 .bss.__malloc_current_mallinfo
                0x200008cc       0x28 d:/stm32/gccarm/gcc-arm-none-eabi-10.3-2021.10/bin/../lib/gcc/arm-none-eabi/10.3.1/../../../../arm-none-eabi/lib/thumb/v7e-m/nofp\libg.a(lib_a-mallocr.o)
                0x200008cc                __malloc_current_mallinfo
 .bss.__malloc_max_sbrked_mem
                0x200008f4        0x4 d:/stm32/gccarm/gcc-arm-none-eabi-10.3-2021.10/bin/../lib/gcc/arm-none-eabi/10.3.1/../../../../arm-none-eabi/lib/thumb/v7e-m/nofp\libg.a(lib_a-mallocr.o)
                0x200008f4                __malloc_max_sbrked_mem
 .bss.__malloc_max_total_mem
                0x200008f8        0x4 d:/stm32/gccarm/gcc-arm-none-eabi-10.3-2021.10/bin/../lib/gcc/arm-none-eabi/10.3.1/../../../../arm-none-eabi/lib/thumb/v7e-m/nofp\libg.a(lib_a-mallocr.o)
                0x200008f8                __malloc_max_total_mem
 .bss.__malloc_top_pad
                0x200008fc        0x4 d:/stm32/gccarm/gcc-arm-none-eabi-10.3-2021.10/bin/../lib/gcc/arm-none-eabi/10.3.1/../../../../arm-none-eabi/lib/thumb/v7e-m/nofp\libg.a(lib_a-mallocr.o)
                0x200008fc                __malloc_top_pad
 .bss.errno     0x20000900        0x4 d:/stm32/gccarm/gcc-arm-none-eabi-10.3-2021.10/bin/../lib/gcc/arm-none-eabi/10.3.1/../../../../arm-none-eabi/lib/thumb/v7e-m/nofp\libg.a(lib_a-reent.o)
                0x20000900                errno
 *(COMMON)
                0x20000904                . = ALIGN (0x4)
                0x20000904                _ebss = .
                0x20000904                __bss_end__ = _ebss

._user_heap_stack
                0x20000904      0x604
                0x20000908                . = ALIGN (0x8)
 *fill*         0x20000904        0x4 
                [!provide]                PROVIDE (end = .)
                0x20000908                PROVIDE (_end = .)
                0x20000b08                . = (. + _Min_Heap_Size)
 *fill*         0x20000908      0x200 
                0x20000f08                . = (. + _Min_Stack_Size)
 *fill*         0x20000b08      0x400 
                0x20000f08                . = ALIGN (0x8)

/DISCARD/
 libc.a(*)
 libm.a(*)
 libgcc.a(*)

.ARM.attributes
                0x00000000       0x2a
 *(.ARM.attributes)
 .ARM.attributes
                0x00000000       0x1e d:/stm32/gccarm/gcc-arm-none-eabi-10.3-2021.10/bin/../lib/gcc/arm-none-eabi/10.3.1/thumb/v7e-m/nofp/crti.o
 .ARM.attributes
                0x0000001e       0x2e d:/stm32/gccarm/gcc-arm-none-eabi-10.3-2021.10/bin/../lib/gcc/arm-none-eabi/10.3.1/thumb/v7e-m/nofp/crtbegin.o
 .ARM.attributes
                0x0000004c       0x2e CMakeFiles/stm32F407ZGT6.elf.dir/Core/Src/gpio.c.obj
 .ARM.attributes
                0x0000007a       0x2e CMakeFiles/stm32F407ZGT6.elf.dir/Core/Src/main.c.obj
 .ARM.attributes
                0x000000a8       0x2e CMakeFiles/stm32F407ZGT6.elf.dir/Core/Src/retarget.c.obj
 .ARM.attributes
                0x000000d6       0x2e CMakeFiles/stm32F407ZGT6.elf.dir/Core/Src/stm32f4xx_hal_msp.c.obj
 .ARM.attributes
                0x00000104       0x2e CMakeFiles/stm32F407ZGT6.elf.dir/Core/Src/stm32f4xx_it.c.obj
 .ARM.attributes
                0x00000132       0x2e CMakeFiles/stm32F407ZGT6.elf.dir/Core/Src/sysmem.c.obj
 .ARM.attributes
                0x00000160       0x2e CMakeFiles/stm32F407ZGT6.elf.dir/Core/Src/system_stm32f4xx.c.obj
 .ARM.attributes
                0x0000018e       0x2e CMakeFiles/stm32F407ZGT6.elf.dir/Core/Src/usart.c.obj
 .ARM.attributes
                0x000001bc       0x21 CMakeFiles/stm32F407ZGT6.elf.dir/Core/Startup/startup_stm32f407zgtx.s.obj
 .ARM.attributes
                0x000001dd       0x2e CMakeFiles/stm32F407ZGT6.elf.dir/Drivers/STM32F4xx_HAL_Driver/Src/stm32f4xx_hal.c.obj
 .ARM.attributes
                0x0000020b       0x2e CMakeFiles/stm32F407ZGT6.elf.dir/Drivers/STM32F4xx_HAL_Driver/Src/stm32f4xx_hal_cortex.c.obj
 .ARM.attributes
                0x00000239       0x2e CMakeFiles/stm32F407ZGT6.elf.dir/Drivers/STM32F4xx_HAL_Driver/Src/stm32f4xx_hal_dma.c.obj
 .ARM.attributes
                0x00000267       0x2e CMakeFiles/stm32F407ZGT6.elf.dir/Drivers/STM32F4xx_HAL_Driver/Src/stm32f4xx_hal_gpio.c.obj
 .ARM.attributes
                0x00000295       0x2e CMakeFiles/stm32F407ZGT6.elf.dir/Drivers/STM32F4xx_HAL_Driver/Src/stm32f4xx_hal_rcc.c.obj
 .ARM.attributes
                0x000002c3       0x2e CMakeFiles/stm32F407ZGT6.elf.dir/Drivers/STM32F4xx_HAL_Driver/Src/stm32f4xx_hal_uart.c.obj
 .ARM.attributes
                0x000002f1       0x1e d:/stm32/gccarm/gcc-arm-none-eabi-10.3-2021.10/bin/../lib/gcc/arm-none-eabi/10.3.1/thumb/v7e-m/nofp\libgcc.a(_aeabi_uldivmod.o)
 .ARM.attributes
                0x0000030f       0x2e d:/stm32/gccarm/gcc-arm-none-eabi-10.3-2021.10/bin/../lib/gcc/arm-none-eabi/10.3.1/thumb/v7e-m/nofp\libgcc.a(_udivmoddi4.o)
 .ARM.attributes
                0x0000033d       0x1e d:/stm32/gccarm/gcc-arm-none-eabi-10.3-2021.10/bin/../lib/gcc/arm-none-eabi/10.3.1/thumb/v7e-m/nofp\libgcc.a(_dvmd_tls.o)
 .ARM.attributes
                0x0000035b       0x2e d:/stm32/gccarm/gcc-arm-none-eabi-10.3-2021.10/bin/../lib/gcc/arm-none-eabi/10.3.1/../../../../arm-none-eabi/lib/thumb/v7e-m/nofp\libg.a(lib_a-errno.o)
 .ARM.attributes
                0x00000389       0x2e d:/stm32/gccarm/gcc-arm-none-eabi-10.3-2021.10/bin/../lib/gcc/arm-none-eabi/10.3.1/../../../../arm-none-eabi/lib/thumb/v7e-m/nofp\libg.a(lib_a-impure.o)
 .ARM.attributes
                0x000003b7       0x2e d:/stm32/gccarm/gcc-arm-none-eabi-10.3-2021.10/bin/../lib/gcc/arm-none-eabi/10.3.1/../../../../arm-none-eabi/lib/thumb/v7e-m/nofp\libg.a(lib_a-init.o)
 .ARM.attributes
                0x000003e5       0x2e d:/stm32/gccarm/gcc-arm-none-eabi-10.3-2021.10/bin/../lib/gcc/arm-none-eabi/10.3.1/../../../../arm-none-eabi/lib/thumb/v7e-m/nofp\libg.a(lib_a-memset.o)
 .ARM.attributes
                0x00000413       0x2e d:/stm32/gccarm/gcc-arm-none-eabi-10.3-2021.10/bin/../lib/gcc/arm-none-eabi/10.3.1/../../../../arm-none-eabi/lib/thumb/v7e-m/nofp\libg.a(lib_a-puts.o)
 .ARM.attributes
                0x00000441       0x2e d:/stm32/gccarm/gcc-arm-none-eabi-10.3-2021.10/bin/../lib/gcc/arm-none-eabi/10.3.1/../../../../arm-none-eabi/lib/thumb/v7e-m/nofp\libg.a(lib_a-setvbuf.o)
 .ARM.attributes
                0x0000046f       0x1c d:/stm32/gccarm/gcc-arm-none-eabi-10.3-2021.10/bin/../lib/gcc/arm-none-eabi/10.3.1/../../../../arm-none-eabi/lib/thumb/v7e-m/nofp\libg.a(lib_a-strlen.o)
 .ARM.attributes
                0x0000048b       0x2e d:/stm32/gccarm/gcc-arm-none-eabi-10.3-2021.10/bin/../lib/gcc/arm-none-eabi/10.3.1/../../../../arm-none-eabi/lib/thumb/v7e-m/nofp\libg.a(lib_a-__call_atexit.o)
 .ARM.attributes
                0x000004b9       0x2e d:/stm32/gccarm/gcc-arm-none-eabi-10.3-2021.10/bin/../lib/gcc/arm-none-eabi/10.3.1/../../../../arm-none-eabi/lib/thumb/v7e-m/nofp\libg.a(lib_a-atexit.o)
 .ARM.attributes
                0x000004e7       0x2e d:/stm32/gccarm/gcc-arm-none-eabi-10.3-2021.10/bin/../lib/gcc/arm-none-eabi/10.3.1/../../../../arm-none-eabi/lib/thumb/v7e-m/nofp\libg.a(lib_a-fflush.o)
 .ARM.attributes
                0x00000515       0x2e d:/stm32/gccarm/gcc-arm-none-eabi-10.3-2021.10/bin/../lib/gcc/arm-none-eabi/10.3.1/../../../../arm-none-eabi/lib/thumb/v7e-m/nofp\libg.a(lib_a-findfp.o)
 .ARM.attributes
                0x00000543       0x2e d:/stm32/gccarm/gcc-arm-none-eabi-10.3-2021.10/bin/../lib/gcc/arm-none-eabi/10.3.1/../../../../arm-none-eabi/lib/thumb/v7e-m/nofp\libg.a(lib_a-fini.o)
 .ARM.attributes
                0x00000571       0x2e d:/stm32/gccarm/gcc-arm-none-eabi-10.3-2021.10/bin/../lib/gcc/arm-none-eabi/10.3.1/../../../../arm-none-eabi/lib/thumb/v7e-m/nofp\libg.a(lib_a-freer.o)
 .ARM.attributes
                0x0000059f       0x2e d:/stm32/gccarm/gcc-arm-none-eabi-10.3-2021.10/bin/../lib/gcc/arm-none-eabi/10.3.1/../../../../arm-none-eabi/lib/thumb/v7e-m/nofp\libg.a(lib_a-fvwrite.o)
 .ARM.attributes
                0x000005cd       0x2e d:/stm32/gccarm/gcc-arm-none-eabi-10.3-2021.10/bin/../lib/gcc/arm-none-eabi/10.3.1/../../../../arm-none-eabi/lib/thumb/v7e-m/nofp\libg.a(lib_a-fwalk.o)
 .ARM.attributes
                0x000005fb       0x2e d:/stm32/gccarm/gcc-arm-none-eabi-10.3-2021.10/bin/../lib/gcc/arm-none-eabi/10.3.1/../../../../arm-none-eabi/lib/thumb/v7e-m/nofp\libg.a(lib_a-lock.o)
 .ARM.attributes
                0x00000629       0x2e d:/stm32/gccarm/gcc-arm-none-eabi-10.3-2021.10/bin/../lib/gcc/arm-none-eabi/10.3.1/../../../../arm-none-eabi/lib/thumb/v7e-m/nofp\libg.a(lib_a-makebuf.o)
 .ARM.attributes
                0x00000657       0x2e d:/stm32/gccarm/gcc-arm-none-eabi-10.3-2021.10/bin/../lib/gcc/arm-none-eabi/10.3.1/../../../../arm-none-eabi/lib/thumb/v7e-m/nofp\libg.a(lib_a-malloc.o)
 .ARM.attributes
                0x00000685       0x2e d:/stm32/gccarm/gcc-arm-none-eabi-10.3-2021.10/bin/../lib/gcc/arm-none-eabi/10.3.1/../../../../arm-none-eabi/lib/thumb/v7e-m/nofp\libg.a(lib_a-mallocr.o)
 .ARM.attributes
                0x000006b3       0x1c d:/stm32/gccarm/gcc-arm-none-eabi-10.3-2021.10/bin/../lib/gcc/arm-none-eabi/10.3.1/../../../../arm-none-eabi/lib/thumb/v7e-m/nofp\libg.a(lib_a-memchr.o)
 .ARM.attributes
                0x000006cf       0x1c d:/stm32/gccarm/gcc-arm-none-eabi-10.3-2021.10/bin/../lib/gcc/arm-none-eabi/10.3.1/../../../../arm-none-eabi/lib/thumb/v7e-m/nofp\libg.a(lib_a-memcpy.o)
 .ARM.attributes
                0x000006eb       0x2e d:/stm32/gccarm/gcc-arm-none-eabi-10.3-2021.10/bin/../lib/gcc/arm-none-eabi/10.3.1/../../../../arm-none-eabi/lib/thumb/v7e-m/nofp\libg.a(lib_a-memmove.o)
 .ARM.attributes
                0x00000719       0x2e d:/stm32/gccarm/gcc-arm-none-eabi-10.3-2021.10/bin/../lib/gcc/arm-none-eabi/10.3.1/../../../../arm-none-eabi/lib/thumb/v7e-m/nofp\libg.a(lib_a-mlock.o)
 .ARM.attributes
                0x00000747       0x2e d:/stm32/gccarm/gcc-arm-none-eabi-10.3-2021.10/bin/../lib/gcc/arm-none-eabi/10.3.1/../../../../arm-none-eabi/lib/thumb/v7e-m/nofp\libg.a(lib_a-reallocr.o)
 .ARM.attributes
                0x00000775       0x2e d:/stm32/gccarm/gcc-arm-none-eabi-10.3-2021.10/bin/../lib/gcc/arm-none-eabi/10.3.1/../../../../arm-none-eabi/lib/thumb/v7e-m/nofp\libg.a(lib_a-sbrkr.o)
 .ARM.attributes
                0x000007a3       0x2e d:/stm32/gccarm/gcc-arm-none-eabi-10.3-2021.10/bin/../lib/gcc/arm-none-eabi/10.3.1/../../../../arm-none-eabi/lib/thumb/v7e-m/nofp\libg.a(lib_a-stdio.o)
 .ARM.attributes
                0x000007d1       0x2e d:/stm32/gccarm/gcc-arm-none-eabi-10.3-2021.10/bin/../lib/gcc/arm-none-eabi/10.3.1/../../../../arm-none-eabi/lib/thumb/v7e-m/nofp\libg.a(lib_a-writer.o)
 .ARM.attributes
                0x000007ff       0x2e d:/stm32/gccarm/gcc-arm-none-eabi-10.3-2021.10/bin/../lib/gcc/arm-none-eabi/10.3.1/../../../../arm-none-eabi/lib/thumb/v7e-m/nofp\libg.a(lib_a-wsetup.o)
 .ARM.attributes
                0x0000082d       0x2e d:/stm32/gccarm/gcc-arm-none-eabi-10.3-2021.10/bin/../lib/gcc/arm-none-eabi/10.3.1/../../../../arm-none-eabi/lib/thumb/v7e-m/nofp\libg.a(lib_a-__atexit.o)
 .ARM.attributes
                0x0000085b       0x2e d:/stm32/gccarm/gcc-arm-none-eabi-10.3-2021.10/bin/../lib/gcc/arm-none-eabi/10.3.1/../../../../arm-none-eabi/lib/thumb/v7e-m/nofp\libg.a(lib_a-closer.o)
 .ARM.attributes
                0x00000889       0x2e d:/stm32/gccarm/gcc-arm-none-eabi-10.3-2021.10/bin/../lib/gcc/arm-none-eabi/10.3.1/../../../../arm-none-eabi/lib/thumb/v7e-m/nofp\libg.a(lib_a-fclose.o)
 .ARM.attributes
                0x000008b7       0x2e d:/stm32/gccarm/gcc-arm-none-eabi-10.3-2021.10/bin/../lib/gcc/arm-none-eabi/10.3.1/../../../../arm-none-eabi/lib/thumb/v7e-m/nofp\libg.a(lib_a-fstatr.o)
 .ARM.attributes
                0x000008e5       0x2e d:/stm32/gccarm/gcc-arm-none-eabi-10.3-2021.10/bin/../lib/gcc/arm-none-eabi/10.3.1/../../../../arm-none-eabi/lib/thumb/v7e-m/nofp\libg.a(lib_a-isattyr.o)
 .ARM.attributes
                0x00000913       0x2e d:/stm32/gccarm/gcc-arm-none-eabi-10.3-2021.10/bin/../lib/gcc/arm-none-eabi/10.3.1/../../../../arm-none-eabi/lib/thumb/v7e-m/nofp\libg.a(lib_a-lseekr.o)
 .ARM.attributes
                0x00000941       0x2e d:/stm32/gccarm/gcc-arm-none-eabi-10.3-2021.10/bin/../lib/gcc/arm-none-eabi/10.3.1/../../../../arm-none-eabi/lib/thumb/v7e-m/nofp\libg.a(lib_a-readr.o)
 .ARM.attributes
                0x0000096f       0x2e d:/stm32/gccarm/gcc-arm-none-eabi-10.3-2021.10/bin/../lib/gcc/arm-none-eabi/10.3.1/../../../../arm-none-eabi/lib/thumb/v7e-m/nofp\libg.a(lib_a-reent.o)
 .ARM.attributes
                0x0000099d       0x1e d:/stm32/gccarm/gcc-arm-none-eabi-10.3-2021.10/bin/../lib/gcc/arm-none-eabi/10.3.1/thumb/v7e-m/nofp/crtn.o
OUTPUT(stm32F407ZGT6.elf elf32-littlearm)
LOAD linker stubs
LOAD d:/stm32/gccarm/gcc-arm-none-eabi-10.3-2021.10/bin/../lib/gcc/arm-none-eabi/10.3.1/../../../../arm-none-eabi/lib/thumb/v7e-m/nofp\libc.a
LOAD d:/stm32/gccarm/gcc-arm-none-eabi-10.3-2021.10/bin/../lib/gcc/arm-none-eabi/10.3.1/../../../../arm-none-eabi/lib/thumb/v7e-m/nofp\libm.a
LOAD d:/stm32/gccarm/gcc-arm-none-eabi-10.3-2021.10/bin/../lib/gcc/arm-none-eabi/10.3.1/thumb/v7e-m/nofp\libgcc.a

.debug_info     0x00000000     0xb7af
 .debug_info    0x00000000      0x4b3 CMakeFiles/stm32F407ZGT6.elf.dir/Core/Src/gpio.c.obj
 .debug_info    0x000004b3      0xaf9 CMakeFiles/stm32F407ZGT6.elf.dir/Core/Src/main.c.obj
 .debug_info    0x00000fac     0x131d CMakeFiles/stm32F407ZGT6.elf.dir/Core/Src/retarget.c.obj
 .debug_info    0x000022c9      0x2a4 CMakeFiles/stm32F407ZGT6.elf.dir/Core/Src/stm32f4xx_hal_msp.c.obj
 .debug_info    0x0000256d      0x693 CMakeFiles/stm32F407ZGT6.elf.dir/Core/Src/stm32f4xx_it.c.obj
 .debug_info    0x00002c00      0x174 CMakeFiles/stm32F407ZGT6.elf.dir/Core/Src/sysmem.c.obj
 .debug_info    0x00002d74      0x37d CMakeFiles/stm32F407ZGT6.elf.dir/Core/Src/system_stm32f4xx.c.obj
 .debug_info    0x000030f1      0xc80 CMakeFiles/stm32F407ZGT6.elf.dir/Core/Src/usart.c.obj
 .debug_info    0x00003d71       0x22 CMakeFiles/stm32F407ZGT6.elf.dir/Core/Startup/startup_stm32f407zgtx.s.obj
 .debug_info    0x00003d93      0x9f0 CMakeFiles/stm32F407ZGT6.elf.dir/Drivers/STM32F4xx_HAL_Driver/Src/stm32f4xx_hal.c.obj
 .debug_info    0x00004783     0x10ab CMakeFiles/stm32F407ZGT6.elf.dir/Drivers/STM32F4xx_HAL_Driver/Src/stm32f4xx_hal_cortex.c.obj
 .debug_info    0x0000582e      0xb3f CMakeFiles/stm32F407ZGT6.elf.dir/Drivers/STM32F4xx_HAL_Driver/Src/stm32f4xx_hal_dma.c.obj
 .debug_info    0x0000636d      0x7b0 CMakeFiles/stm32F407ZGT6.elf.dir/Drivers/STM32F4xx_HAL_Driver/Src/stm32f4xx_hal_gpio.c.obj
 .debug_info    0x00006b1d      0xb03 CMakeFiles/stm32F407ZGT6.elf.dir/Drivers/STM32F4xx_HAL_Driver/Src/stm32f4xx_hal_rcc.c.obj
 .debug_info    0x00007620     0x418f CMakeFiles/stm32F407ZGT6.elf.dir/Drivers/STM32F4xx_HAL_Driver/Src/stm32f4xx_hal_uart.c.obj

.debug_abbrev   0x00000000     0x1beb
 .debug_abbrev  0x00000000      0x14e CMakeFiles/stm32F407ZGT6.elf.dir/Core/Src/gpio.c.obj
 .debug_abbrev  0x0000014e      0x20d CMakeFiles/stm32F407ZGT6.elf.dir/Core/Src/main.c.obj
 .debug_abbrev  0x0000035b      0x2b4 CMakeFiles/stm32F407ZGT6.elf.dir/Core/Src/retarget.c.obj
 .debug_abbrev  0x0000060f       0xd1 CMakeFiles/stm32F407ZGT6.elf.dir/Core/Src/stm32f4xx_hal_msp.c.obj
 .debug_abbrev  0x000006e0      0x16e CMakeFiles/stm32F407ZGT6.elf.dir/Core/Src/stm32f4xx_it.c.obj
 .debug_abbrev  0x0000084e       0xe7 CMakeFiles/stm32F407ZGT6.elf.dir/Core/Src/sysmem.c.obj
 .debug_abbrev  0x00000935      0x119 CMakeFiles/stm32F407ZGT6.elf.dir/Core/Src/system_stm32f4xx.c.obj
 .debug_abbrev  0x00000a4e      0x1e3 CMakeFiles/stm32F407ZGT6.elf.dir/Core/Src/usart.c.obj
 .debug_abbrev  0x00000c31       0x12 CMakeFiles/stm32F407ZGT6.elf.dir/Core/Startup/startup_stm32f407zgtx.s.obj
 .debug_abbrev  0x00000c43      0x206 CMakeFiles/stm32F407ZGT6.elf.dir/Drivers/STM32F4xx_HAL_Driver/Src/stm32f4xx_hal.c.obj
 .debug_abbrev  0x00000e49      0x36a CMakeFiles/stm32F407ZGT6.elf.dir/Drivers/STM32F4xx_HAL_Driver/Src/stm32f4xx_hal_cortex.c.obj
 .debug_abbrev  0x000011b3      0x2c2 CMakeFiles/stm32F407ZGT6.elf.dir/Drivers/STM32F4xx_HAL_Driver/Src/stm32f4xx_hal_dma.c.obj
 .debug_abbrev  0x00001475      0x1ef CMakeFiles/stm32F407ZGT6.elf.dir/Drivers/STM32F4xx_HAL_Driver/Src/stm32f4xx_hal_gpio.c.obj
 .debug_abbrev  0x00001664      0x28a CMakeFiles/stm32F407ZGT6.elf.dir/Drivers/STM32F4xx_HAL_Driver/Src/stm32f4xx_hal_rcc.c.obj
 .debug_abbrev  0x000018ee      0x2fd CMakeFiles/stm32F407ZGT6.elf.dir/Drivers/STM32F4xx_HAL_Driver/Src/stm32f4xx_hal_uart.c.obj

.debug_aranges  0x00000000      0x6e0
 .debug_aranges
                0x00000000       0x20 CMakeFiles/stm32F407ZGT6.elf.dir/Core/Src/gpio.c.obj
 .debug_aranges
                0x00000020       0x30 CMakeFiles/stm32F407ZGT6.elf.dir/Core/Src/main.c.obj
 .debug_aranges
                0x00000050       0x50 CMakeFiles/stm32F407ZGT6.elf.dir/Core/Src/retarget.c.obj
 .debug_aranges
                0x000000a0       0x20 CMakeFiles/stm32F407ZGT6.elf.dir/Core/Src/stm32f4xx_hal_msp.c.obj
 .debug_aranges
                0x000000c0       0x68 CMakeFiles/stm32F407ZGT6.elf.dir/Core/Src/stm32f4xx_it.c.obj
 .debug_aranges
                0x00000128       0x20 CMakeFiles/stm32F407ZGT6.elf.dir/Core/Src/sysmem.c.obj
 .debug_aranges
                0x00000148       0x28 CMakeFiles/stm32F407ZGT6.elf.dir/Core/Src/system_stm32f4xx.c.obj
 .debug_aranges
                0x00000170       0x30 CMakeFiles/stm32F407ZGT6.elf.dir/Core/Src/usart.c.obj
 .debug_aranges
                0x000001a0       0x28 CMakeFiles/stm32F407ZGT6.elf.dir/Core/Startup/startup_stm32f407zgtx.s.obj
 .debug_aranges
                0x000001c8       0xf0 CMakeFiles/stm32F407ZGT6.elf.dir/Drivers/STM32F4xx_HAL_Driver/Src/stm32f4xx_hal.c.obj
 .debug_aranges
                0x000002b8       0xb0 CMakeFiles/stm32F407ZGT6.elf.dir/Drivers/STM32F4xx_HAL_Driver/Src/stm32f4xx_hal_cortex.c.obj
 .debug_aranges
                0x00000368       0x90 CMakeFiles/stm32F407ZGT6.elf.dir/Drivers/STM32F4xx_HAL_Driver/Src/stm32f4xx_hal_dma.c.obj
 .debug_aranges
                0x000003f8       0x58 CMakeFiles/stm32F407ZGT6.elf.dir/Drivers/STM32F4xx_HAL_Driver/Src/stm32f4xx_hal_gpio.c.obj
 .debug_aranges
                0x00000450       0x88 CMakeFiles/stm32F407ZGT6.elf.dir/Drivers/STM32F4xx_HAL_Driver/Src/stm32f4xx_hal_rcc.c.obj
 .debug_aranges
                0x000004d8      0x208 CMakeFiles/stm32F407ZGT6.elf.dir/Drivers/STM32F4xx_HAL_Driver/Src/stm32f4xx_hal_uart.c.obj

.debug_ranges   0x00000000      0x688
 .debug_ranges  0x00000000       0x10 CMakeFiles/stm32F407ZGT6.elf.dir/Core/Src/gpio.c.obj
 .debug_ranges  0x00000010       0x20 CMakeFiles/stm32F407ZGT6.elf.dir/Core/Src/main.c.obj
 .debug_ranges  0x00000030       0x40 CMakeFiles/stm32F407ZGT6.elf.dir/Core/Src/retarget.c.obj
 .debug_ranges  0x00000070       0x10 CMakeFiles/stm32F407ZGT6.elf.dir/Core/Src/stm32f4xx_hal_msp.c.obj
 .debug_ranges  0x00000080       0x58 CMakeFiles/stm32F407ZGT6.elf.dir/Core/Src/stm32f4xx_it.c.obj
 .debug_ranges  0x000000d8       0x10 CMakeFiles/stm32F407ZGT6.elf.dir/Core/Src/sysmem.c.obj
 .debug_ranges  0x000000e8       0x18 CMakeFiles/stm32F407ZGT6.elf.dir/Core/Src/system_stm32f4xx.c.obj
 .debug_ranges  0x00000100       0x20 CMakeFiles/stm32F407ZGT6.elf.dir/Core/Src/usart.c.obj
 .debug_ranges  0x00000120       0x20 CMakeFiles/stm32F407ZGT6.elf.dir/Core/Startup/startup_stm32f407zgtx.s.obj
 .debug_ranges  0x00000140       0xe0 CMakeFiles/stm32F407ZGT6.elf.dir/Drivers/STM32F4xx_HAL_Driver/Src/stm32f4xx_hal.c.obj
 .debug_ranges  0x00000220      0x100 CMakeFiles/stm32F407ZGT6.elf.dir/Drivers/STM32F4xx_HAL_Driver/Src/stm32f4xx_hal_cortex.c.obj
 .debug_ranges  0x00000320       0x80 CMakeFiles/stm32F407ZGT6.elf.dir/Drivers/STM32F4xx_HAL_Driver/Src/stm32f4xx_hal_dma.c.obj
 .debug_ranges  0x000003a0       0x48 CMakeFiles/stm32F407ZGT6.elf.dir/Drivers/STM32F4xx_HAL_Driver/Src/stm32f4xx_hal_gpio.c.obj
 .debug_ranges  0x000003e8       0x90 CMakeFiles/stm32F407ZGT6.elf.dir/Drivers/STM32F4xx_HAL_Driver/Src/stm32f4xx_hal_rcc.c.obj
 .debug_ranges  0x00000478      0x210 CMakeFiles/stm32F407ZGT6.elf.dir/Drivers/STM32F4xx_HAL_Driver/Src/stm32f4xx_hal_uart.c.obj

.debug_line     0x00000000     0x8a8a
 .debug_line    0x00000000      0x23f CMakeFiles/stm32F407ZGT6.elf.dir/Core/Src/gpio.c.obj
 .debug_line    0x0000023f      0x40d CMakeFiles/stm32F407ZGT6.elf.dir/Core/Src/main.c.obj
 .debug_line    0x0000064c      0x48f CMakeFiles/stm32F407ZGT6.elf.dir/Core/Src/retarget.c.obj
 .debug_line    0x00000adb      0x19b CMakeFiles/stm32F407ZGT6.elf.dir/Core/Src/stm32f4xx_hal_msp.c.obj
 .debug_line    0x00000c76      0x336 CMakeFiles/stm32F407ZGT6.elf.dir/Core/Src/stm32f4xx_it.c.obj
 .debug_line    0x00000fac      0x1da CMakeFiles/stm32F407ZGT6.elf.dir/Core/Src/sysmem.c.obj
 .debug_line    0x00001186      0x263 CMakeFiles/stm32F407ZGT6.elf.dir/Core/Src/system_stm32f4xx.c.obj
 .debug_line    0x000013e9      0x36e CMakeFiles/stm32F407ZGT6.elf.dir/Core/Src/usart.c.obj
 .debug_line    0x00001757       0xa9 CMakeFiles/stm32F407ZGT6.elf.dir/Core/Startup/startup_stm32f407zgtx.s.obj
 .debug_line    0x00001800      0x5ed CMakeFiles/stm32F407ZGT6.elf.dir/Drivers/STM32F4xx_HAL_Driver/Src/stm32f4xx_hal.c.obj
 .debug_line    0x00001ded      0x819 CMakeFiles/stm32F407ZGT6.elf.dir/Drivers/STM32F4xx_HAL_Driver/Src/stm32f4xx_hal_cortex.c.obj
 .debug_line    0x00002606      0xe89 CMakeFiles/stm32F407ZGT6.elf.dir/Drivers/STM32F4xx_HAL_Driver/Src/stm32f4xx_hal_dma.c.obj
 .debug_line    0x0000348f      0x745 CMakeFiles/stm32F407ZGT6.elf.dir/Drivers/STM32F4xx_HAL_Driver/Src/stm32f4xx_hal_gpio.c.obj
 .debug_line    0x00003bd4      0xb73 CMakeFiles/stm32F407ZGT6.elf.dir/Drivers/STM32F4xx_HAL_Driver/Src/stm32f4xx_hal_rcc.c.obj
 .debug_line    0x00004747     0x4343 CMakeFiles/stm32F407ZGT6.elf.dir/Drivers/STM32F4xx_HAL_Driver/Src/stm32f4xx_hal_uart.c.obj

.debug_str      0x00000000     0x2bb8
 .debug_str     0x00000000      0x35c CMakeFiles/stm32F407ZGT6.elf.dir/Core/Src/gpio.c.obj
                                0x3ac (size before relaxing)
 .debug_str     0x0000035c      0x632 CMakeFiles/stm32F407ZGT6.elf.dir/Core/Src/main.c.obj
                                0x964 (size before relaxing)
 .debug_str     0x0000098e      0x537 CMakeFiles/stm32F407ZGT6.elf.dir/Core/Src/retarget.c.obj
                                0xbfd (size before relaxing)
 .debug_str     0x00000ec5       0x4d CMakeFiles/stm32F407ZGT6.elf.dir/Core/Src/stm32f4xx_hal_msp.c.obj
                                0x2fb (size before relaxing)
 .debug_str     0x00000f12       0xfe CMakeFiles/stm32F407ZGT6.elf.dir/Core/Src/stm32f4xx_it.c.obj
                                0x71f (size before relaxing)
 .debug_str     0x00001010       0x96 CMakeFiles/stm32F407ZGT6.elf.dir/Core/Src/sysmem.c.obj
                                0x265 (size before relaxing)
 .debug_str     0x000010a6       0xa8 CMakeFiles/stm32F407ZGT6.elf.dir/Core/Src/system_stm32f4xx.c.obj
                                0x361 (size before relaxing)
 .debug_str     0x0000114e      0x5ac CMakeFiles/stm32F407ZGT6.elf.dir/Core/Src/usart.c.obj
                                0xd8e (size before relaxing)
 .debug_str     0x000016fa       0x57 CMakeFiles/stm32F407ZGT6.elf.dir/Core/Startup/startup_stm32f407zgtx.s.obj
                                 0x99 (size before relaxing)
 .debug_str     0x00001751      0x366 CMakeFiles/stm32F407ZGT6.elf.dir/Drivers/STM32F4xx_HAL_Driver/Src/stm32f4xx_hal.c.obj
                                0xb9a (size before relaxing)
 .debug_str     0x00001ab7      0x4b9 CMakeFiles/stm32F407ZGT6.elf.dir/Drivers/STM32F4xx_HAL_Driver/Src/stm32f4xx_hal_cortex.c.obj
                                0xc83 (size before relaxing)
 .debug_str     0x00001f70      0x334 CMakeFiles/stm32F407ZGT6.elf.dir/Drivers/STM32F4xx_HAL_Driver/Src/stm32f4xx_hal_dma.c.obj
                                0x7b6 (size before relaxing)
 .debug_str     0x000022a4      0x149 CMakeFiles/stm32F407ZGT6.elf.dir/Drivers/STM32F4xx_HAL_Driver/Src/stm32f4xx_hal_gpio.c.obj
                                0x520 (size before relaxing)
 .debug_str     0x000023ed      0x1c5 CMakeFiles/stm32F407ZGT6.elf.dir/Drivers/STM32F4xx_HAL_Driver/Src/stm32f4xx_hal_rcc.c.obj
                                0x746 (size before relaxing)
 .debug_str     0x000025b2      0x606 CMakeFiles/stm32F407ZGT6.elf.dir/Drivers/STM32F4xx_HAL_Driver/Src/stm32f4xx_hal_uart.c.obj
                                0xddb (size before relaxing)

.comment        0x00000000       0x49
 .comment       0x00000000       0x49 CMakeFiles/stm32F407ZGT6.elf.dir/Core/Src/gpio.c.obj
                                 0x4a (size before relaxing)
 .comment       0x00000049       0x4a CMakeFiles/stm32F407ZGT6.elf.dir/Core/Src/main.c.obj
 .comment       0x00000049       0x4a CMakeFiles/stm32F407ZGT6.elf.dir/Core/Src/retarget.c.obj
 .comment       0x00000049       0x4a CMakeFiles/stm32F407ZGT6.elf.dir/Core/Src/stm32f4xx_hal_msp.c.obj
 .comment       0x00000049       0x4a CMakeFiles/stm32F407ZGT6.elf.dir/Core/Src/stm32f4xx_it.c.obj
 .comment       0x00000049       0x4a CMakeFiles/stm32F407ZGT6.elf.dir/Core/Src/sysmem.c.obj
 .comment       0x00000049       0x4a CMakeFiles/stm32F407ZGT6.elf.dir/Core/Src/system_stm32f4xx.c.obj
 .comment       0x00000049       0x4a CMakeFiles/stm32F407ZGT6.elf.dir/Core/Src/usart.c.obj
 .comment       0x00000049       0x4a CMakeFiles/stm32F407ZGT6.elf.dir/Drivers/STM32F4xx_HAL_Driver/Src/stm32f4xx_hal.c.obj
 .comment       0x00000049       0x4a CMakeFiles/stm32F407ZGT6.elf.dir/Drivers/STM32F4xx_HAL_Driver/Src/stm32f4xx_hal_cortex.c.obj
 .comment       0x00000049       0x4a CMakeFiles/stm32F407ZGT6.elf.dir/Drivers/STM32F4xx_HAL_Driver/Src/stm32f4xx_hal_dma.c.obj
 .comment       0x00000049       0x4a CMakeFiles/stm32F407ZGT6.elf.dir/Drivers/STM32F4xx_HAL_Driver/Src/stm32f4xx_hal_gpio.c.obj
 .comment       0x00000049       0x4a CMakeFiles/stm32F407ZGT6.elf.dir/Drivers/STM32F4xx_HAL_Driver/Src/stm32f4xx_hal_rcc.c.obj
 .comment       0x00000049       0x4a CMakeFiles/stm32F407ZGT6.elf.dir/Drivers/STM32F4xx_HAL_Driver/Src/stm32f4xx_hal_uart.c.obj

.debug_frame    0x00000000     0x1a0c
 .debug_frame   0x00000000       0x30 CMakeFiles/stm32F407ZGT6.elf.dir/Core/Src/gpio.c.obj
 .debug_frame   0x00000030       0x58 CMakeFiles/stm32F407ZGT6.elf.dir/Core/Src/main.c.obj
 .debug_frame   0x00000088       0xb8 CMakeFiles/stm32F407ZGT6.elf.dir/Core/Src/retarget.c.obj
 .debug_frame   0x00000140       0x28 CMakeFiles/stm32F407ZGT6.elf.dir/Core/Src/stm32f4xx_hal_msp.c.obj
 .debug_frame   0x00000168       0xc0 CMakeFiles/stm32F407ZGT6.elf.dir/Core/Src/stm32f4xx_it.c.obj
 .debug_frame   0x00000228       0x28 CMakeFiles/stm32F407ZGT6.elf.dir/Core/Src/sysmem.c.obj
 .debug_frame   0x00000250       0x30 CMakeFiles/stm32F407ZGT6.elf.dir/Core/Src/system_stm32f4xx.c.obj
 .debug_frame   0x00000280       0x60 CMakeFiles/stm32F407ZGT6.elf.dir/Core/Src/usart.c.obj
 .debug_frame   0x000002e0      0x1ec CMakeFiles/stm32F407ZGT6.elf.dir/Drivers/STM32F4xx_HAL_Driver/Src/stm32f4xx_hal.c.obj
 .debug_frame   0x000004cc      0x158 CMakeFiles/stm32F407ZGT6.elf.dir/Drivers/STM32F4xx_HAL_Driver/Src/stm32f4xx_hal_cortex.c.obj
 .debug_frame   0x00000624      0x188 CMakeFiles/stm32F407ZGT6.elf.dir/Drivers/STM32F4xx_HAL_Driver/Src/stm32f4xx_hal_dma.c.obj
 .debug_frame   0x000007ac       0xd8 CMakeFiles/stm32F407ZGT6.elf.dir/Drivers/STM32F4xx_HAL_Driver/Src/stm32f4xx_hal_gpio.c.obj
 .debug_frame   0x00000884      0x16c CMakeFiles/stm32F407ZGT6.elf.dir/Drivers/STM32F4xx_HAL_Driver/Src/stm32f4xx_hal_rcc.c.obj
 .debug_frame   0x000009f0      0x5e4 CMakeFiles/stm32F407ZGT6.elf.dir/Drivers/STM32F4xx_HAL_Driver/Src/stm32f4xx_hal_uart.c.obj
 .debug_frame   0x00000fd4       0x2c d:/stm32/gccarm/gcc-arm-none-eabi-10.3-2021.10/bin/../lib/gcc/arm-none-eabi/10.3.1/thumb/v7e-m/nofp\libgcc.a(_aeabi_uldivmod.o)
 .debug_frame   0x00001000       0x34 d:/stm32/gccarm/gcc-arm-none-eabi-10.3-2021.10/bin/../lib/gcc/arm-none-eabi/10.3.1/thumb/v7e-m/nofp\libgcc.a(_udivmoddi4.o)
 .debug_frame   0x00001034       0x20 d:/stm32/gccarm/gcc-arm-none-eabi-10.3-2021.10/bin/../lib/gcc/arm-none-eabi/10.3.1/../../../../arm-none-eabi/lib/thumb/v7e-m/nofp\libg.a(lib_a-errno.o)
 .debug_frame   0x00001054       0x2c d:/stm32/gccarm/gcc-arm-none-eabi-10.3-2021.10/bin/../lib/gcc/arm-none-eabi/10.3.1/../../../../arm-none-eabi/lib/thumb/v7e-m/nofp\libg.a(lib_a-init.o)
 .debug_frame   0x00001080       0x2c d:/stm32/gccarm/gcc-arm-none-eabi-10.3-2021.10/bin/../lib/gcc/arm-none-eabi/10.3.1/../../../../arm-none-eabi/lib/thumb/v7e-m/nofp\libg.a(lib_a-memset.o)
 .debug_frame   0x000010ac       0x4c d:/stm32/gccarm/gcc-arm-none-eabi-10.3-2021.10/bin/../lib/gcc/arm-none-eabi/10.3.1/../../../../arm-none-eabi/lib/thumb/v7e-m/nofp\libg.a(lib_a-puts.o)
 .debug_frame   0x000010f8       0x48 d:/stm32/gccarm/gcc-arm-none-eabi-10.3-2021.10/bin/../lib/gcc/arm-none-eabi/10.3.1/../../../../arm-none-eabi/lib/thumb/v7e-m/nofp\libg.a(lib_a-setvbuf.o)
 .debug_frame   0x00001140       0x5c d:/stm32/gccarm/gcc-arm-none-eabi-10.3-2021.10/bin/../lib/gcc/arm-none-eabi/10.3.1/../../../../arm-none-eabi/lib/thumb/v7e-m/nofp\libg.a(lib_a-__call_atexit.o)
 .debug_frame   0x0000119c       0x20 d:/stm32/gccarm/gcc-arm-none-eabi-10.3-2021.10/bin/../lib/gcc/arm-none-eabi/10.3.1/../../../../arm-none-eabi/lib/thumb/v7e-m/nofp\libg.a(lib_a-atexit.o)
 .debug_frame   0x000011bc       0x70 d:/stm32/gccarm/gcc-arm-none-eabi-10.3-2021.10/bin/../lib/gcc/arm-none-eabi/10.3.1/../../../../arm-none-eabi/lib/thumb/v7e-m/nofp\libg.a(lib_a-fflush.o)
 .debug_frame   0x0000122c      0x154 d:/stm32/gccarm/gcc-arm-none-eabi-10.3-2021.10/bin/../lib/gcc/arm-none-eabi/10.3.1/../../../../arm-none-eabi/lib/thumb/v7e-m/nofp\libg.a(lib_a-findfp.o)
 .debug_frame   0x00001380       0x34 d:/stm32/gccarm/gcc-arm-none-eabi-10.3-2021.10/bin/../lib/gcc/arm-none-eabi/10.3.1/../../../../arm-none-eabi/lib/thumb/v7e-m/nofp\libg.a(lib_a-fini.o)
 .debug_frame   0x000013b4       0x8c d:/stm32/gccarm/gcc-arm-none-eabi-10.3-2021.10/bin/../lib/gcc/arm-none-eabi/10.3.1/../../../../arm-none-eabi/lib/thumb/v7e-m/nofp\libg.a(lib_a-freer.o)
 .debug_frame   0x00001440       0x64 d:/stm32/gccarm/gcc-arm-none-eabi-10.3-2021.10/bin/../lib/gcc/arm-none-eabi/10.3.1/../../../../arm-none-eabi/lib/thumb/v7e-m/nofp\libg.a(lib_a-fvwrite.o)
 .debug_frame   0x000014a4       0x54 d:/stm32/gccarm/gcc-arm-none-eabi-10.3-2021.10/bin/../lib/gcc/arm-none-eabi/10.3.1/../../../../arm-none-eabi/lib/thumb/v7e-m/nofp\libg.a(lib_a-fwalk.o)
 .debug_frame   0x000014f8       0xb0 d:/stm32/gccarm/gcc-arm-none-eabi-10.3-2021.10/bin/../lib/gcc/arm-none-eabi/10.3.1/../../../../arm-none-eabi/lib/thumb/v7e-m/nofp\libg.a(lib_a-lock.o)
 .debug_frame   0x000015a8       0x70 d:/stm32/gccarm/gcc-arm-none-eabi-10.3-2021.10/bin/../lib/gcc/arm-none-eabi/10.3.1/../../../../arm-none-eabi/lib/thumb/v7e-m/nofp\libg.a(lib_a-makebuf.o)
 .debug_frame   0x00001618       0x30 d:/stm32/gccarm/gcc-arm-none-eabi-10.3-2021.10/bin/../lib/gcc/arm-none-eabi/10.3.1/../../../../arm-none-eabi/lib/thumb/v7e-m/nofp\libg.a(lib_a-malloc.o)
 .debug_frame   0x00001648       0x4c d:/stm32/gccarm/gcc-arm-none-eabi-10.3-2021.10/bin/../lib/gcc/arm-none-eabi/10.3.1/../../../../arm-none-eabi/lib/thumb/v7e-m/nofp\libg.a(lib_a-mallocr.o)
 .debug_frame   0x00001694       0x40 d:/stm32/gccarm/gcc-arm-none-eabi-10.3-2021.10/bin/../lib/gcc/arm-none-eabi/10.3.1/../../../../arm-none-eabi/lib/thumb/v7e-m/nofp\libg.a(lib_a-memmove.o)
 .debug_frame   0x000016d4       0x30 d:/stm32/gccarm/gcc-arm-none-eabi-10.3-2021.10/bin/../lib/gcc/arm-none-eabi/10.3.1/../../../../arm-none-eabi/lib/thumb/v7e-m/nofp\libg.a(lib_a-mlock.o)
 .debug_frame   0x00001704       0x48 d:/stm32/gccarm/gcc-arm-none-eabi-10.3-2021.10/bin/../lib/gcc/arm-none-eabi/10.3.1/../../../../arm-none-eabi/lib/thumb/v7e-m/nofp\libg.a(lib_a-reallocr.o)
 .debug_frame   0x0000174c       0x2c d:/stm32/gccarm/gcc-arm-none-eabi-10.3-2021.10/bin/../lib/gcc/arm-none-eabi/10.3.1/../../../../arm-none-eabi/lib/thumb/v7e-m/nofp\libg.a(lib_a-sbrkr.o)
 .debug_frame   0x00001778       0x8c d:/stm32/gccarm/gcc-arm-none-eabi-10.3-2021.10/bin/../lib/gcc/arm-none-eabi/10.3.1/../../../../arm-none-eabi/lib/thumb/v7e-m/nofp\libg.a(lib_a-stdio.o)
 .debug_frame   0x00001804       0x2c d:/stm32/gccarm/gcc-arm-none-eabi-10.3-2021.10/bin/../lib/gcc/arm-none-eabi/10.3.1/../../../../arm-none-eabi/lib/thumb/v7e-m/nofp\libg.a(lib_a-writer.o)
 .debug_frame   0x00001830       0x2c d:/stm32/gccarm/gcc-arm-none-eabi-10.3-2021.10/bin/../lib/gcc/arm-none-eabi/10.3.1/../../../../arm-none-eabi/lib/thumb/v7e-m/nofp\libg.a(lib_a-wsetup.o)
 .debug_frame   0x0000185c       0x34 d:/stm32/gccarm/gcc-arm-none-eabi-10.3-2021.10/bin/../lib/gcc/arm-none-eabi/10.3.1/../../../../arm-none-eabi/lib/thumb/v7e-m/nofp\libg.a(lib_a-__atexit.o)
 .debug_frame   0x00001890       0x2c d:/stm32/gccarm/gcc-arm-none-eabi-10.3-2021.10/bin/../lib/gcc/arm-none-eabi/10.3.1/../../../../arm-none-eabi/lib/thumb/v7e-m/nofp\libg.a(lib_a-closer.o)
 .debug_frame   0x000018bc       0x3c d:/stm32/gccarm/gcc-arm-none-eabi-10.3-2021.10/bin/../lib/gcc/arm-none-eabi/10.3.1/../../../../arm-none-eabi/lib/thumb/v7e-m/nofp\libg.a(lib_a-fclose.o)
 .debug_frame   0x000018f8       0x2c d:/stm32/gccarm/gcc-arm-none-eabi-10.3-2021.10/bin/../lib/gcc/arm-none-eabi/10.3.1/../../../../arm-none-eabi/lib/thumb/v7e-m/nofp\libg.a(lib_a-fstatr.o)
 .debug_frame   0x00001924       0x2c d:/stm32/gccarm/gcc-arm-none-eabi-10.3-2021.10/bin/../lib/gcc/arm-none-eabi/10.3.1/../../../../arm-none-eabi/lib/thumb/v7e-m/nofp\libg.a(lib_a-isattyr.o)
 .debug_frame   0x00001950       0x2c d:/stm32/gccarm/gcc-arm-none-eabi-10.3-2021.10/bin/../lib/gcc/arm-none-eabi/10.3.1/../../../../arm-none-eabi/lib/thumb/v7e-m/nofp\libg.a(lib_a-lseekr.o)
 .debug_frame   0x0000197c       0x2c d:/stm32/gccarm/gcc-arm-none-eabi-10.3-2021.10/bin/../lib/gcc/arm-none-eabi/10.3.1/../../../../arm-none-eabi/lib/thumb/v7e-m/nofp\libg.a(lib_a-readr.o)
 .debug_frame   0x000019a8       0x64 d:/stm32/gccarm/gcc-arm-none-eabi-10.3-2021.10/bin/../lib/gcc/arm-none-eabi/10.3.1/../../../../arm-none-eabi/lib/thumb/v7e-m/nofp\libg.a(lib_a-reent.o)

.debug_loc      0x00000000     0x6bbb
 .debug_loc     0x00000000      0x389 CMakeFiles/stm32F407ZGT6.elf.dir/Core/Src/retarget.c.obj
 .debug_loc     0x00000389       0x64 CMakeFiles/stm32F407ZGT6.elf.dir/Core/Src/sysmem.c.obj
 .debug_loc     0x000003ed      0x158 CMakeFiles/stm32F407ZGT6.elf.dir/Core/Src/system_stm32f4xx.c.obj
 .debug_loc     0x00000545       0x84 CMakeFiles/stm32F407ZGT6.elf.dir/Core/Src/usart.c.obj
 .debug_loc     0x000005c9      0x141 CMakeFiles/stm32F407ZGT6.elf.dir/Drivers/STM32F4xx_HAL_Driver/Src/stm32f4xx_hal.c.obj
 .debug_loc     0x0000070a      0x744 CMakeFiles/stm32F407ZGT6.elf.dir/Drivers/STM32F4xx_HAL_Driver/Src/stm32f4xx_hal_cortex.c.obj
 .debug_loc     0x00000e4e      0xbf9 CMakeFiles/stm32F407ZGT6.elf.dir/Drivers/STM32F4xx_HAL_Driver/Src/stm32f4xx_hal_dma.c.obj
 .debug_loc     0x00001a47      0x520 CMakeFiles/stm32F407ZGT6.elf.dir/Drivers/STM32F4xx_HAL_Driver/Src/stm32f4xx_hal_gpio.c.obj
 .debug_loc     0x00001f67      0x58c CMakeFiles/stm32F407ZGT6.elf.dir/Drivers/STM32F4xx_HAL_Driver/Src/stm32f4xx_hal_rcc.c.obj
 .debug_loc     0x000024f3     0x46c8 CMakeFiles/stm32F407ZGT6.elf.dir/Drivers/STM32F4xx_HAL_Driver/Src/stm32f4xx_hal_uart.c.obj
