Archive member included to satisfy reference by file (symbol)

d:/stm32/gccarm/gcc-arm-none-eabi-10.3-2021.10/bin/../lib/gcc/arm-none-eabi/10.3.1/thumb/v7e-m/nofp\libgcc.a(_aeabi_uldivmod.o)
                              CMakeFiles/stm32F407ZGT6.elf.dir/Drivers/STM32F4xx_HAL_Driver/Src/stm32f4xx_hal_rcc.c.obj (__aeabi_uldivmod)
d:/stm32/gccarm/gcc-arm-none-eabi-10.3-2021.10/bin/../lib/gcc/arm-none-eabi/10.3.1/thumb/v7e-m/nofp\libgcc.a(_udivmoddi4.o)
                              d:/stm32/gccarm/gcc-arm-none-eabi-10.3-2021.10/bin/../lib/gcc/arm-none-eabi/10.3.1/thumb/v7e-m/nofp\libgcc.a(_aeabi_uldivmod.o) (__udivmoddi4)
d:/stm32/gccarm/gcc-arm-none-eabi-10.3-2021.10/bin/../lib/gcc/arm-none-eabi/10.3.1/thumb/v7e-m/nofp\libgcc.a(_dvmd_tls.o)
                              d:/stm32/gccarm/gcc-arm-none-eabi-10.3-2021.10/bin/../lib/gcc/arm-none-eabi/10.3.1/thumb/v7e-m/nofp\libgcc.a(_aeabi_uldivmod.o) (__aeabi_ldiv0)
d:/stm32/gccarm/gcc-arm-none-eabi-10.3-2021.10/bin/../lib/gcc/arm-none-eabi/10.3.1/../../../../arm-none-eabi/lib/thumb/v7e-m/nofp\libg.a(lib_a-errno.o)
                              CMakeFiles/stm32F407ZGT6.elf.dir/Core/Src/syscalls.c.obj (__errno)
d:/stm32/gccarm/gcc-arm-none-eabi-10.3-2021.10/bin/../lib/gcc/arm-none-eabi/10.3.1/../../../../arm-none-eabi/lib/thumb/v7e-m/nofp\libg.a(lib_a-exit.o)
                              d:/stm32/gccarm/gcc-arm-none-eabi-10.3-2021.10/bin/../lib/gcc/arm-none-eabi/10.3.1/../../../../arm-none-eabi/lib/thumb/v7e-m/nofp/crt0.o (exit)
d:/stm32/gccarm/gcc-arm-none-eabi-10.3-2021.10/bin/../lib/gcc/arm-none-eabi/10.3.1/../../../../arm-none-eabi/lib/thumb/v7e-m/nofp\libg.a(lib_a-impure.o)
                              d:/stm32/gccarm/gcc-arm-none-eabi-10.3-2021.10/bin/../lib/gcc/arm-none-eabi/10.3.1/../../../../arm-none-eabi/lib/thumb/v7e-m/nofp\libg.a(lib_a-exit.o) (_global_impure_ptr)
d:/stm32/gccarm/gcc-arm-none-eabi-10.3-2021.10/bin/../lib/gcc/arm-none-eabi/10.3.1/../../../../arm-none-eabi/lib/thumb/v7e-m/nofp\libg.a(lib_a-init.o)
                              d:/stm32/gccarm/gcc-arm-none-eabi-10.3-2021.10/bin/../lib/gcc/arm-none-eabi/10.3.1/../../../../arm-none-eabi/lib/thumb/v7e-m/nofp/crt0.o (__libc_init_array)
d:/stm32/gccarm/gcc-arm-none-eabi-10.3-2021.10/bin/../lib/gcc/arm-none-eabi/10.3.1/../../../../arm-none-eabi/lib/thumb/v7e-m/nofp\libg.a(lib_a-memset.o)
                              d:/stm32/gccarm/gcc-arm-none-eabi-10.3-2021.10/bin/../lib/gcc/arm-none-eabi/10.3.1/../../../../arm-none-eabi/lib/thumb/v7e-m/nofp/crt0.o (memset)
d:/stm32/gccarm/gcc-arm-none-eabi-10.3-2021.10/bin/../lib/gcc/arm-none-eabi/10.3.1/../../../../arm-none-eabi/lib/thumb/v7e-m/nofp\libg.a(lib_a-__call_atexit.o)
                              d:/stm32/gccarm/gcc-arm-none-eabi-10.3-2021.10/bin/../lib/gcc/arm-none-eabi/10.3.1/../../../../arm-none-eabi/lib/thumb/v7e-m/nofp\libg.a(lib_a-exit.o) (__call_exitprocs)
d:/stm32/gccarm/gcc-arm-none-eabi-10.3-2021.10/bin/../lib/gcc/arm-none-eabi/10.3.1/../../../../arm-none-eabi/lib/thumb/v7e-m/nofp\libg.a(lib_a-atexit.o)
                              d:/stm32/gccarm/gcc-arm-none-eabi-10.3-2021.10/bin/../lib/gcc/arm-none-eabi/10.3.1/../../../../arm-none-eabi/lib/thumb/v7e-m/nofp\libg.a(lib_a-__call_atexit.o) (atexit)
d:/stm32/gccarm/gcc-arm-none-eabi-10.3-2021.10/bin/../lib/gcc/arm-none-eabi/10.3.1/../../../../arm-none-eabi/lib/thumb/v7e-m/nofp\libg.a(lib_a-fini.o)
                              d:/stm32/gccarm/gcc-arm-none-eabi-10.3-2021.10/bin/../lib/gcc/arm-none-eabi/10.3.1/../../../../arm-none-eabi/lib/thumb/v7e-m/nofp\libg.a(lib_a-__call_atexit.o) (__libc_fini_array)
d:/stm32/gccarm/gcc-arm-none-eabi-10.3-2021.10/bin/../lib/gcc/arm-none-eabi/10.3.1/../../../../arm-none-eabi/lib/thumb/v7e-m/nofp\libg.a(lib_a-lock.o)
                              d:/stm32/gccarm/gcc-arm-none-eabi-10.3-2021.10/bin/../lib/gcc/arm-none-eabi/10.3.1/../../../../arm-none-eabi/lib/thumb/v7e-m/nofp\libg.a(lib_a-__call_atexit.o) (__retarget_lock_acquire_recursive)
d:/stm32/gccarm/gcc-arm-none-eabi-10.3-2021.10/bin/../lib/gcc/arm-none-eabi/10.3.1/../../../../arm-none-eabi/lib/thumb/v7e-m/nofp\libg.a(lib_a-__atexit.o)
                              d:/stm32/gccarm/gcc-arm-none-eabi-10.3-2021.10/bin/../lib/gcc/arm-none-eabi/10.3.1/../../../../arm-none-eabi/lib/thumb/v7e-m/nofp\libg.a(lib_a-atexit.o) (__register_exitproc)

Discarded input sections

 .text          0x00000000        0x0 d:/stm32/gccarm/gcc-arm-none-eabi-10.3-2021.10/bin/../lib/gcc/arm-none-eabi/10.3.1/thumb/v7e-m/nofp/crti.o
 .data          0x00000000        0x0 d:/stm32/gccarm/gcc-arm-none-eabi-10.3-2021.10/bin/../lib/gcc/arm-none-eabi/10.3.1/thumb/v7e-m/nofp/crti.o
 .bss           0x00000000        0x0 d:/stm32/gccarm/gcc-arm-none-eabi-10.3-2021.10/bin/../lib/gcc/arm-none-eabi/10.3.1/thumb/v7e-m/nofp/crti.o
 .data          0x00000000        0x4 d:/stm32/gccarm/gcc-arm-none-eabi-10.3-2021.10/bin/../lib/gcc/arm-none-eabi/10.3.1/thumb/v7e-m/nofp/crtbegin.o
[...]
Memory Configuration

Name             Origin             Length             Attributes
CCMRAM           0x10000000         0x00010000         xrw
RAM              0x20000000         0x00020000         xrw
FLASH            0x08000000         0x00100000         xr
*default*        0x00000000         0xffffffff

Linker script and memory map

LOAD d:/stm32/gccarm/gcc-arm-none-eabi-10.3-2021.10/bin/../lib/gcc/arm-none-eabi/10.3.1/thumb/v7e-m/nofp/crti.o
LOAD d:/stm32/gccarm/gcc-arm-none-eabi-10.3-2021.10/bin/../lib/gcc/arm-none-eabi/10.3.1/thumb/v7e-m/nofp/crtbegin.o
LOAD d:/stm32/gccarm/gcc-arm-none-eabi-10.3-2021.10/bin/../lib/gcc/arm-none-eabi/10.3.1/../../../../arm-none-eabi/lib/thumb/v7e-m/nofp/crt0.o
LOAD CMakeFiles/stm32F407ZGT6.elf.dir/Core/Src/gpio.c.obj
LOAD CMakeFiles/stm32F407ZGT6.elf.dir/Core/Src/main.c.obj
LOAD CMakeFiles/stm32F407ZGT6.elf.dir/Core/Src/stm32f4xx_hal_msp.c.obj
LOAD CMakeFiles/stm32F407ZGT6.elf.dir/Core/Src/stm32f4xx_it.c.obj
LOAD CMakeFiles/stm32F407ZGT6.elf.dir/Core/Src/syscalls.c.obj
LOAD CMakeFiles/stm32F407ZGT6.elf.dir/Core/Src/sysmem.c.obj
LOAD CMakeFiles/stm32F407ZGT6.elf.dir/Core/Src/system_stm32f4xx.c.obj
LOAD CMakeFiles/stm32F407ZGT6.elf.dir/Core/Src/usart.c.obj
LOAD CMakeFiles/stm32F407ZGT6.elf.dir/Core/Startup/startup_stm32f407zgtx.s.obj
LOAD CMakeFiles/stm32F407ZGT6.elf.dir/Drivers/STM32F4xx_HAL_Driver/Src/stm32f4xx_hal.c.obj
LOAD CMakeFiles/stm32F407ZGT6.elf.dir/Drivers/STM32F4xx_HAL_Driver/Src/stm32f4xx_hal_cortex.c.obj
LOAD CMakeFiles/stm32F407ZGT6.elf.dir/Drivers/STM32F4xx_HAL_Driver/Src/stm32f4xx_hal_dma.c.obj
LOAD CMakeFiles/stm32F407ZGT6.elf.dir/Drivers/STM32F4xx_HAL_Driver/Src/stm32f4xx_hal_dma_ex.c.obj
LOAD CMakeFiles/stm32F407ZGT6.elf.dir/Drivers/STM32F4xx_HAL_Driver/Src/stm32f4xx_hal_exti.c.obj
LOAD CMakeFiles/stm32F407ZGT6.elf.dir/Drivers/STM32F4xx_HAL_Driver/Src/stm32f4xx_hal_flash.c.obj
LOAD CMakeFiles/stm32F407ZGT6.elf.dir/Drivers/STM32F4xx_HAL_Driver/Src/stm32f4xx_hal_flash_ex.c.obj
LOAD CMakeFiles/stm32F407ZGT6.elf.dir/Drivers/STM32F4xx_HAL_Driver/Src/stm32f4xx_hal_flash_ramfunc.c.obj
LOAD CMakeFiles/stm32F407ZGT6.elf.dir/Drivers/STM32F4xx_HAL_Driver/Src/stm32f4xx_hal_gpio.c.obj
LOAD CMakeFiles/stm32F407ZGT6.elf.dir/Drivers/STM32F4xx_HAL_Driver/Src/stm32f4xx_hal_pwr.c.obj
LOAD CMakeFiles/stm32F407ZGT6.elf.dir/Drivers/STM32F4xx_HAL_Driver/Src/stm32f4xx_hal_pwr_ex.c.obj
LOAD CMakeFiles/stm32F407ZGT6.elf.dir/Drivers/STM32F4xx_HAL_Driver/Src/stm32f4xx_hal_rcc.c.obj
LOAD CMakeFiles/stm32F407ZGT6.elf.dir/Drivers/STM32F4xx_HAL_Driver/Src/stm32f4xx_hal_rcc_ex.c.obj
LOAD CMakeFiles/stm32F407ZGT6.elf.dir/Drivers/STM32F4xx_HAL_Driver/Src/stm32f4xx_hal_tim.c.obj
LOAD CMakeFiles/stm32F407ZGT6.elf.dir/Drivers/STM32F4xx_HAL_Driver/Src/stm32f4xx_hal_tim_ex.c.obj
LOAD CMakeFiles/stm32F407ZGT6.elf.dir/Drivers/STM32F4xx_HAL_Driver/Src/stm32f4xx_hal_uart.c.obj
START GROUP
LOAD d:/stm32/gccarm/gcc-arm-none-eabi-10.3-2021.10/bin/../lib/gcc/arm-none-eabi/10.3.1/thumb/v7e-m/nofp\libgcc.a
LOAD d:/stm32/gccarm/gcc-arm-none-eabi-10.3-2021.10/bin/../lib/gcc/arm-none-eabi/10.3.1/../../../../arm-none-eabi/lib/thumb/v7e-m/nofp\libg.a
LOAD d:/stm32/gccarm/gcc-arm-none-eabi-10.3-2021.10/bin/../lib/gcc/arm-none-eabi/10.3.1/../../../../arm-none-eabi/lib/thumb/v7e-m/nofp\libc.a
END GROUP
LOAD d:/stm32/gccarm/gcc-arm-none-eabi-10.3-2021.10/bin/../lib/gcc/arm-none-eabi/10.3.1/thumb/v7e-m/nofp/crtend.o
LOAD d:/stm32/gccarm/gcc-arm-none-eabi-10.3-2021.10/bin/../lib/gcc/arm-none-eabi/10.3.1/thumb/v7e-m/nofp/crtn.o
                0x20020000                _estack = (ORIGIN (RAM) + LENGTH (RAM))
                0x00000200                _Min_Heap_Size = 0x200
                0x00000400                _Min_Stack_Size = 0x400

.isr_vector     0x08000000      0x188
                0x08000000                . = ALIGN (0x4)
 *(.isr_vector)
 .isr_vector    0x08000000      0x188 CMakeFiles/stm32F407ZGT6.elf.dir/Core/Startup/startup_stm32f407zgtx.s.obj
                0x08000000                g_pfnVectors
                0x08000188                . = ALIGN (0x4)

.text           0x08000188     0x1848
                0x08000188                . = ALIGN (0x4)
 *(.text)
 .text          0x08000188       0x40 d:/stm32/gccarm/gcc-arm-none-eabi-10.3-2021.10/bin/../lib/gcc/arm-none-eabi/10.3.1/thumb/v7e-m/nofp/crtbegin.o
 .text          0x080001c8       0x30 d:/stm32/gccarm/gcc-arm-none-eabi-10.3-2021.10/bin/../lib/gcc/arm-none-eabi/10.3.1/thumb/v7e-m/nofp\libgcc.a(_aeabi_uldivmod.o)
                0x080001c8                __aeabi_uldivmod
 .text          0x080001f8      0x2d0 d:/stm32/gccarm/gcc-arm-none-eabi-10.3-2021.10/bin/../lib/gcc/arm-none-eabi/10.3.1/thumb/v7e-m/nofp\libgcc.a(_udivmoddi4.o)
                0x080001f8                __udivmoddi4
 .text          0x080004c8        0x4 d:/stm32/gccarm/gcc-arm-none-eabi-10.3-2021.10/bin/../lib/gcc/arm-none-eabi/10.3.1/thumb/v7e-m/nofp\libgcc.a(_dvmd_tls.o)
                0x080004c8                __aeabi_idiv0
                0x080004c8                __aeabi_ldiv0
 *(.text*)
 .text.MX_GPIO_Init
                0x080004cc       0xbc CMakeFiles/stm32F407ZGT6.elf.dir/Core/Src/gpio.c.obj
                0x080004cc                MX_GPIO_Init
 .text.Error_Handler
                0x08000588        0x4 CMakeFiles/stm32F407ZGT6.elf.dir/Core/Src/main.c.obj
                0x08000588                Error_Handler
 .text.SystemClock_Config
                0x0800058c       0xa4 CMakeFiles/stm32F407ZGT6.elf.dir/Core/Src/main.c.obj
                0x0800058c                SystemClock_Config
 .text.main     0x08000630       0x14 CMakeFiles/stm32F407ZGT6.elf.dir/Core/Src/main.c.obj
                0x08000630                main
 .text.HAL_MspInit
                0x08000644       0x38 CMakeFiles/stm32F407ZGT6.elf.dir/Core/Src/stm32f4xx_hal_msp.c.obj
                0x08000644                HAL_MspInit
 .text.NMI_Handler
                0x0800067c        0x2 CMakeFiles/stm32F407ZGT6.elf.dir/Core/Src/stm32f4xx_it.c.obj
                0x0800067c                NMI_Handler
 .text.HardFault_Handler
                0x0800067e        0x2 CMakeFiles/stm32F407ZGT6.elf.dir/Core/Src/stm32f4xx_it.c.obj
                0x0800067e                HardFault_Handler
 .text.MemManage_Handler
                0x08000680        0x2 CMakeFiles/stm32F407ZGT6.elf.dir/Core/Src/stm32f4xx_it.c.obj
                0x08000680                MemManage_Handler
 .text.BusFault_Handler
                0x08000682        0x2 CMakeFiles/stm32F407ZGT6.elf.dir/Core/Src/stm32f4xx_it.c.obj
                0x08000682                BusFault_Handler
 .text.UsageFault_Handler
                0x08000684        0x2 CMakeFiles/stm32F407ZGT6.elf.dir/Core/Src/stm32f4xx_it.c.obj
                0x08000684                UsageFault_Handler
 .text.SVC_Handler
                0x08000686        0x2 CMakeFiles/stm32F407ZGT6.elf.dir/Core/Src/stm32f4xx_it.c.obj
                0x08000686                SVC_Handler
 .text.DebugMon_Handler
                0x08000688        0x2 CMakeFiles/stm32F407ZGT6.elf.dir/Core/Src/stm32f4xx_it.c.obj
                0x08000688                DebugMon_Handler
 .text.PendSV_Handler
                0x0800068a        0x2 CMakeFiles/stm32F407ZGT6.elf.dir/Core/Src/stm32f4xx_it.c.obj
                0x0800068a                PendSV_Handler
 .text.SysTick_Handler
                0x0800068c        0x8 CMakeFiles/stm32F407ZGT6.elf.dir/Core/Src/stm32f4xx_it.c.obj
                0x0800068c                SysTick_Handler
 .text.USART1_IRQHandler
                0x08000694       0x10 CMakeFiles/stm32F407ZGT6.elf.dir/Core/Src/stm32f4xx_it.c.obj
                0x08000694                USART1_IRQHandler
 .text.SystemInit
                0x080006a4        0x2 CMakeFiles/stm32F407ZGT6.elf.dir/Core/Src/system_stm32f4xx.c.obj
                0x080006a4                SystemInit
 *fill*         0x080006a6        0x2 
 .text.MX_USART1_UART_Init
                0x080006a8       0x34 CMakeFiles/stm32F407ZGT6.elf.dir/Core/Src/usart.c.obj
                0x080006a8                MX_USART1_UART_Init
 .text.HAL_UART_MspInit
                0x080006dc       0x80 CMakeFiles/stm32F407ZGT6.elf.dir/Core/Src/usart.c.obj
                0x080006dc                HAL_UART_MspInit
 .text.Reset_Handler
                0x0800075c       0x50 CMakeFiles/stm32F407ZGT6.elf.dir/Core/Startup/startup_stm32f407zgtx.s.obj
                0x0800075c                Reset_Handler
 .text.Default_Handler
                0x080007ac        0x2 CMakeFiles/stm32F407ZGT6.elf.dir/Core/Startup/startup_stm32f407zgtx.s.obj
                0x080007ac                RTC_Alarm_IRQHandler
                0x080007ac                HASH_RNG_IRQHandler
                0x080007ac                EXTI2_IRQHandler
                0x080007ac                TIM8_CC_IRQHandler
                0x080007ac                TIM1_CC_IRQHandler
                0x080007ac                DMA2_Stream5_IRQHandler
                0x080007ac                DMA1_Stream5_IRQHandler
                0x080007ac                PVD_IRQHandler
                0x080007ac                SDIO_IRQHandler
                0x080007ac                TAMP_STAMP_IRQHandler
                0x080007ac                CAN2_RX1_IRQHandler
                0x080007ac                EXTI3_IRQHandler
                0x080007ac                TIM8_TRG_COM_TIM14_IRQHandler
                0x080007ac                TIM1_UP_TIM10_IRQHandler
                0x080007ac                TIM8_UP_TIM13_IRQHandler
                0x080007ac                I2C3_ER_IRQHandler
                0x080007ac                EXTI0_IRQHandler
                0x080007ac                I2C2_EV_IRQHandler
                0x080007ac                DMA1_Stream2_IRQHandler
                0x080007ac                CAN1_RX0_IRQHandler
                0x080007ac                FPU_IRQHandler
                0x080007ac                OTG_HS_WKUP_IRQHandler
                0x080007ac                CAN2_SCE_IRQHandler
                0x080007ac                DMA2_Stream2_IRQHandler
                0x080007ac                SPI1_IRQHandler
                0x080007ac                TIM6_DAC_IRQHandler
                0x080007ac                TIM1_BRK_TIM9_IRQHandler
                0x080007ac                DCMI_IRQHandler
                0x080007ac                CAN2_RX0_IRQHandler
                0x080007ac                DMA2_Stream3_IRQHandler
                0x080007ac                USART6_IRQHandler
                0x080007ac                USART3_IRQHandler
                0x080007ac                CAN1_RX1_IRQHandler
                0x080007ac                UART5_IRQHandler
                0x080007ac                DMA2_Stream0_IRQHandler
                0x080007ac                TIM4_IRQHandler
                0x080007ac                I2C1_EV_IRQHandler
                0x080007ac                DMA1_Stream6_IRQHandler
                0x080007ac                DMA1_Stream1_IRQHandler
                0x080007ac                UART4_IRQHandler
                0x080007ac                TIM3_IRQHandler
                0x080007ac                RCC_IRQHandler
                0x080007ac                TIM8_BRK_TIM12_IRQHandler
                0x080007ac                Default_Handler
                0x080007ac                EXTI15_10_IRQHandler
                0x080007ac                ADC_IRQHandler
                0x080007ac                DMA1_Stream7_IRQHandler
                0x080007ac                TIM7_IRQHandler
                0x080007ac                CAN2_TX_IRQHandler
                0x080007ac                TIM5_IRQHandler
                0x080007ac                DMA2_Stream7_IRQHandler
                0x080007ac                I2C3_EV_IRQHandler
                0x080007ac                EXTI9_5_IRQHandler
                0x080007ac                RTC_WKUP_IRQHandler
                0x080007ac                ETH_WKUP_IRQHandler
                0x080007ac                SPI2_IRQHandler
                0x080007ac                OTG_HS_EP1_IN_IRQHandler
                0x080007ac                DMA1_Stream0_IRQHandler
                0x080007ac                CAN1_TX_IRQHandler
                0x080007ac                EXTI4_IRQHandler
                0x080007ac                FSMC_IRQHandler
                0x080007ac                ETH_IRQHandler
                0x080007ac                OTG_HS_EP1_OUT_IRQHandler
                0x080007ac                WWDG_IRQHandler
                0x080007ac                TIM2_IRQHandler
                0x080007ac                OTG_FS_WKUP_IRQHandler
                0x080007ac                TIM1_TRG_COM_TIM11_IRQHandler
                0x080007ac                OTG_HS_IRQHandler
                0x080007ac                EXTI1_IRQHandler
                0x080007ac                USART2_IRQHandler
                0x080007ac                I2C2_ER_IRQHandler
                0x080007ac                DMA2_Stream1_IRQHandler
                0x080007ac                CAN1_SCE_IRQHandler
                0x080007ac                FLASH_IRQHandler
                0x080007ac                DMA2_Stream4_IRQHandler
                0x080007ac                OTG_FS_IRQHandler
                0x080007ac                SPI3_IRQHandler
                0x080007ac                DMA1_Stream4_IRQHandler
                0x080007ac                I2C1_ER_IRQHandler
                0x080007ac                DMA2_Stream6_IRQHandler
                0x080007ac                DMA1_Stream3_IRQHandler
 *fill*         0x080007ae        0x2 
 .text.HAL_InitTick
                0x080007b0       0x4c CMakeFiles/stm32F407ZGT6.elf.dir/Drivers/STM32F4xx_HAL_Driver/Src/stm32f4xx_hal.c.obj
                0x080007b0                HAL_InitTick
 .text.HAL_Init
                0x080007fc       0x34 CMakeFiles/stm32F407ZGT6.elf.dir/Drivers/STM32F4xx_HAL_Driver/Src/stm32f4xx_hal.c.obj
                0x080007fc                HAL_Init
 .text.HAL_IncTick
                0x08000830       0x18 CMakeFiles/stm32F407ZGT6.elf.dir/Drivers/STM32F4xx_HAL_Driver/Src/stm32f4xx_hal.c.obj
                0x08000830                HAL_IncTick
 .text.HAL_GetTick
                0x08000848        0xc CMakeFiles/stm32F407ZGT6.elf.dir/Drivers/STM32F4xx_HAL_Driver/Src/stm32f4xx_hal.c.obj
                0x08000848                HAL_GetTick
 .text.HAL_NVIC_SetPriorityGrouping
                0x08000854       0x24 CMakeFiles/stm32F407ZGT6.elf.dir/Drivers/STM32F4xx_HAL_Driver/Src/stm32f4xx_hal_cortex.c.obj
                0x08000854                HAL_NVIC_SetPriorityGrouping
 .text.HAL_NVIC_SetPriority
                0x08000878       0x70 CMakeFiles/stm32F407ZGT6.elf.dir/Drivers/STM32F4xx_HAL_Driver/Src/stm32f4xx_hal_cortex.c.obj
                0x08000878                HAL_NVIC_SetPriority
 .text.HAL_NVIC_EnableIRQ
                0x080008e8       0x1c CMakeFiles/stm32F407ZGT6.elf.dir/Drivers/STM32F4xx_HAL_Driver/Src/stm32f4xx_hal_cortex.c.obj
                0x080008e8                HAL_NVIC_EnableIRQ
 .text.HAL_SYSTICK_Config
                0x08000904       0x28 CMakeFiles/stm32F407ZGT6.elf.dir/Drivers/STM32F4xx_HAL_Driver/Src/stm32f4xx_hal_cortex.c.obj
                0x08000904                HAL_SYSTICK_Config
 .text.HAL_DMA_Abort
                0x0800092c       0x94 CMakeFiles/stm32F407ZGT6.elf.dir/Drivers/STM32F4xx_HAL_Driver/Src/stm32f4xx_hal_dma.c.obj
                0x0800092c                HAL_DMA_Abort
 .text.HAL_DMA_Abort_IT
                0x080009c0       0x26 CMakeFiles/stm32F407ZGT6.elf.dir/Drivers/STM32F4xx_HAL_Driver/Src/stm32f4xx_hal_dma.c.obj
                0x080009c0                HAL_DMA_Abort_IT
 *fill*         0x080009e6        0x2 
 .text.HAL_GPIO_Init
                0x080009e8      0x1e4 CMakeFiles/stm32F407ZGT6.elf.dir/Drivers/STM32F4xx_HAL_Driver/Src/stm32f4xx_hal_gpio.c.obj
                0x080009e8                HAL_GPIO_Init
 .text.HAL_GPIO_WritePin
                0x08000bcc        0xc CMakeFiles/stm32F407ZGT6.elf.dir/Drivers/STM32F4xx_HAL_Driver/Src/stm32f4xx_hal_gpio.c.obj
                0x08000bcc                HAL_GPIO_WritePin
 .text.HAL_RCC_OscConfig
                0x08000bd8      0x3f8 CMakeFiles/stm32F407ZGT6.elf.dir/Drivers/STM32F4xx_HAL_Driver/Src/stm32f4xx_hal_rcc.c.obj
                0x08000bd8                HAL_RCC_OscConfig
 .text.HAL_RCC_GetSysClockFreq
                0x08000fd0       0xa4 CMakeFiles/stm32F407ZGT6.elf.dir/Drivers/STM32F4xx_HAL_Driver/Src/stm32f4xx_hal_rcc.c.obj
                0x08000fd0                HAL_RCC_GetSysClockFreq
 .text.HAL_RCC_ClockConfig
                0x08001074      0x160 CMakeFiles/stm32F407ZGT6.elf.dir/Drivers/STM32F4xx_HAL_Driver/Src/stm32f4xx_hal_rcc.c.obj
                0x08001074                HAL_RCC_ClockConfig
 .text.HAL_RCC_GetHCLKFreq
                0x080011d4        0xc CMakeFiles/stm32F407ZGT6.elf.dir/Drivers/STM32F4xx_HAL_Driver/Src/stm32f4xx_hal_rcc.c.obj
                0x080011d4                HAL_RCC_GetHCLKFreq
 .text.HAL_RCC_GetPCLK1Freq
                0x080011e0       0x20 CMakeFiles/stm32F407ZGT6.elf.dir/Drivers/STM32F4xx_HAL_Driver/Src/stm32f4xx_hal_rcc.c.obj
                0x080011e0                HAL_RCC_GetPCLK1Freq
 .text.HAL_RCC_GetPCLK2Freq
                0x08001200       0x20 CMakeFiles/stm32F407ZGT6.elf.dir/Drivers/STM32F4xx_HAL_Driver/Src/stm32f4xx_hal_rcc.c.obj
                0x08001200                HAL_RCC_GetPCLK2Freq
 .text.UART_EndRxTransfer
                0x08001220       0x5c CMakeFiles/stm32F407ZGT6.elf.dir/Drivers/STM32F4xx_HAL_Driver/Src/stm32f4xx_hal_uart.c.obj
 .text.UART_Transmit_IT
                0x0800127c       0x60 CMakeFiles/stm32F407ZGT6.elf.dir/Drivers/STM32F4xx_HAL_Driver/Src/stm32f4xx_hal_uart.c.obj
 .text.UART_SetConfig
                0x080012dc      0x110 CMakeFiles/stm32F407ZGT6.elf.dir/Drivers/STM32F4xx_HAL_Driver/Src/stm32f4xx_hal_uart.c.obj
 .text.HAL_UART_Init
                0x080013ec       0x60 CMakeFiles/stm32F407ZGT6.elf.dir/Drivers/STM32F4xx_HAL_Driver/Src/stm32f4xx_hal_uart.c.obj
                0x080013ec                HAL_UART_Init
 .text.HAL_UART_TxCpltCallback
                0x0800144c        0x2 CMakeFiles/stm32F407ZGT6.elf.dir/Drivers/STM32F4xx_HAL_Driver/Src/stm32f4xx_hal_uart.c.obj
                0x0800144c                HAL_UART_TxCpltCallback
 .text.UART_EndTransmit_IT
                0x0800144e       0x1a CMakeFiles/stm32F407ZGT6.elf.dir/Drivers/STM32F4xx_HAL_Driver/Src/stm32f4xx_hal_uart.c.obj
 .text.HAL_UART_RxCpltCallback
                0x08001468        0x2 CMakeFiles/stm32F407ZGT6.elf.dir/Drivers/STM32F4xx_HAL_Driver/Src/stm32f4xx_hal_uart.c.obj
                0x08001468                HAL_UART_RxCpltCallback
 .text.HAL_UART_ErrorCallback
                0x0800146a        0x2 CMakeFiles/stm32F407ZGT6.elf.dir/Drivers/STM32F4xx_HAL_Driver/Src/stm32f4xx_hal_uart.c.obj
                0x0800146a                HAL_UART_ErrorCallback
 .text.UART_DMAAbortOnError
                0x0800146c       0x10 CMakeFiles/stm32F407ZGT6.elf.dir/Drivers/STM32F4xx_HAL_Driver/Src/stm32f4xx_hal_uart.c.obj
 .text.HAL_UARTEx_RxEventCallback
                0x0800147c        0x2 CMakeFiles/stm32F407ZGT6.elf.dir/Drivers/STM32F4xx_HAL_Driver/Src/stm32f4xx_hal_uart.c.obj
                0x0800147c                HAL_UARTEx_RxEventCallback
 .text.UART_Receive_IT
                0x0800147e       0xe6 CMakeFiles/stm32F407ZGT6.elf.dir/Drivers/STM32F4xx_HAL_Driver/Src/stm32f4xx_hal_uart.c.obj
 .text.HAL_UART_IRQHandler
                0x08001564      0x288 CMakeFiles/stm32F407ZGT6.elf.dir/Drivers/STM32F4xx_HAL_Driver/Src/stm32f4xx_hal_uart.c.obj
                0x08001564                HAL_UART_IRQHandler
 .text.__libc_init_array
                0x080017ec       0x48 d:/stm32/gccarm/gcc-arm-none-eabi-10.3-2021.10/bin/../lib/gcc/arm-none-eabi/10.3.1/../../../../arm-none-eabi/lib/thumb/v7e-m/nofp\libg.a(lib_a-init.o)
                0x080017ec                __libc_init_array
 .text.memset   0x08001834       0xa4 d:/stm32/gccarm/gcc-arm-none-eabi-10.3-2021.10/bin/../lib/gcc/arm-none-eabi/10.3.1/../../../../arm-none-eabi/lib/thumb/v7e-m/nofp\libg.a(lib_a-memset.o)
                0x08001834                memset
 .text.startup.register_fini
                0x080018d8       0x14 d:/stm32/gccarm/gcc-arm-none-eabi-10.3-2021.10/bin/../lib/gcc/arm-none-eabi/10.3.1/../../../../arm-none-eabi/lib/thumb/v7e-m/nofp\libg.a(lib_a-__call_atexit.o)
 .text.atexit   0x080018ec        0xc d:/stm32/gccarm/gcc-arm-none-eabi-10.3-2021.10/bin/../lib/gcc/arm-none-eabi/10.3.1/../../../../arm-none-eabi/lib/thumb/v7e-m/nofp\libg.a(lib_a-atexit.o)
                0x080018ec                atexit
 .text.__libc_fini_array
                0x080018f8       0x2c d:/stm32/gccarm/gcc-arm-none-eabi-10.3-2021.10/bin/../lib/gcc/arm-none-eabi/10.3.1/../../../../arm-none-eabi/lib/thumb/v7e-m/nofp\libg.a(lib_a-fini.o)
                0x080018f8                __libc_fini_array
 .text.__retarget_lock_acquire_recursive
                0x08001924        0x4 d:/stm32/gccarm/gcc-arm-none-eabi-10.3-2021.10/bin/../lib/gcc/arm-none-eabi/10.3.1/../../../../arm-none-eabi/lib/thumb/v7e-m/nofp\libg.a(lib_a-lock.o)
                0x08001924                __retarget_lock_acquire_recursive
 .text.__retarget_lock_release_recursive
                0x08001928        0x4 d:/stm32/gccarm/gcc-arm-none-eabi-10.3-2021.10/bin/../lib/gcc/arm-none-eabi/10.3.1/../../../../arm-none-eabi/lib/thumb/v7e-m/nofp\libg.a(lib_a-lock.o)
                0x08001928                __retarget_lock_release_recursive
 .text.__register_exitproc
                0x0800192c       0x8c d:/stm32/gccarm/gcc-arm-none-eabi-10.3-2021.10/bin/../lib/gcc/arm-none-eabi/10.3.1/../../../../arm-none-eabi/lib/thumb/v7e-m/nofp\libg.a(lib_a-__atexit.o)
                0x0800192c                __register_exitproc
 *(.glue_7)
 .glue_7        0x080019b8        0x0 linker stubs
 *(.glue_7t)
 .glue_7t       0x080019b8        0x0 linker stubs
 *(.eh_frame)
 .eh_frame      0x080019b8        0x0 d:/stm32/gccarm/gcc-arm-none-eabi-10.3-2021.10/bin/../lib/gcc/arm-none-eabi/10.3.1/thumb/v7e-m/nofp/crtbegin.o
 *(.init)
 .init          0x080019b8        0x4 d:/stm32/gccarm/gcc-arm-none-eabi-10.3-2021.10/bin/../lib/gcc/arm-none-eabi/10.3.1/thumb/v7e-m/nofp/crti.o
                0x080019b8                _init
 .init          0x080019bc        0x8 d:/stm32/gccarm/gcc-arm-none-eabi-10.3-2021.10/bin/../lib/gcc/arm-none-eabi/10.3.1/thumb/v7e-m/nofp/crtn.o
 *(.fini)
 .fini          0x080019c4        0x4 d:/stm32/gccarm/gcc-arm-none-eabi-10.3-2021.10/bin/../lib/gcc/arm-none-eabi/10.3.1/thumb/v7e-m/nofp/crti.o
                0x080019c4                _fini
 .fini          0x080019c8        0x8 d:/stm32/gccarm/gcc-arm-none-eabi-10.3-2021.10/bin/../lib/gcc/arm-none-eabi/10.3.1/thumb/v7e-m/nofp/crtn.o
                0x080019d0                . = ALIGN (0x4)
                0x080019d0                _etext = .

.vfp11_veneer   0x080019d0        0x0
 .vfp11_veneer  0x080019d0        0x0 linker stubs

.v4_bx          0x080019d0        0x0
 .v4_bx         0x080019d0        0x0 linker stubs

.iplt           0x080019d0        0x0
 .iplt          0x080019d0        0x0 d:/stm32/gccarm/gcc-arm-none-eabi-10.3-2021.10/bin/../lib/gcc/arm-none-eabi/10.3.1/thumb/v7e-m/nofp/crtbegin.o

.rodata         0x080019d0       0x1c
                0x080019d0                . = ALIGN (0x4)
 *(.rodata)
 *(.rodata*)
 .rodata.AHBPrescTable
                0x080019d0       0x10 CMakeFiles/stm32F407ZGT6.elf.dir/Core/Src/system_stm32f4xx.c.obj
                0x080019d0                AHBPrescTable
 .rodata.APBPrescTable
                0x080019e0        0x8 CMakeFiles/stm32F407ZGT6.elf.dir/Core/Src/system_stm32f4xx.c.obj
                0x080019e0                APBPrescTable
 .rodata._global_impure_ptr
                0x080019e8        0x4 d:/stm32/gccarm/gcc-arm-none-eabi-10.3-2021.10/bin/../lib/gcc/arm-none-eabi/10.3.1/../../../../arm-none-eabi/lib/thumb/v7e-m/nofp\libg.a(lib_a-impure.o)
                0x080019e8                _global_impure_ptr
                0x080019ec                . = ALIGN (0x4)

.ARM.extab      0x080019ec        0x0
                0x080019ec                . = ALIGN (0x4)
 *(.ARM.extab* .gnu.linkonce.armextab.*)
                0x080019ec                . = ALIGN (0x4)

.ARM            0x080019ec        0x8
                0x080019ec                . = ALIGN (0x4)
                0x080019ec                __exidx_start = .
 *(.ARM.exidx*)
 .ARM.exidx     0x080019ec        0x8 d:/stm32/gccarm/gcc-arm-none-eabi-10.3-2021.10/bin/../lib/gcc/arm-none-eabi/10.3.1/thumb/v7e-m/nofp\libgcc.a(_udivmoddi4.o)
                0x080019f4                __exidx_end = .
                0x080019f4                . = ALIGN (0x4)

.rel.dyn        0x080019f4        0x0
 .rel.iplt      0x080019f4        0x0 d:/stm32/gccarm/gcc-arm-none-eabi-10.3-2021.10/bin/../lib/gcc/arm-none-eabi/10.3.1/thumb/v7e-m/nofp/crtbegin.o

.preinit_array  0x080019f4        0x0
                0x080019f4                . = ALIGN (0x4)
                0x080019f4                PROVIDE (__preinit_array_start = .)
 *(.preinit_array*)
                0x080019f4                PROVIDE (__preinit_array_end = .)
                0x080019f4                . = ALIGN (0x4)

.init_array     0x080019f4        0x8
                0x080019f4                . = ALIGN (0x4)
                0x080019f4                PROVIDE (__init_array_start = .)
 *(SORT_BY_NAME(.init_array.*))
 .init_array.00000
                0x080019f4        0x4 d:/stm32/gccarm/gcc-arm-none-eabi-10.3-2021.10/bin/../lib/gcc/arm-none-eabi/10.3.1/../../../../arm-none-eabi/lib/thumb/v7e-m/nofp\libg.a(lib_a-__call_atexit.o)
 *(.init_array*)
 .init_array    0x080019f8        0x4 d:/stm32/gccarm/gcc-arm-none-eabi-10.3-2021.10/bin/../lib/gcc/arm-none-eabi/10.3.1/thumb/v7e-m/nofp/crtbegin.o
                0x080019fc                PROVIDE (__init_array_end = .)
                0x080019fc                . = ALIGN (0x4)

.fini_array     0x080019fc        0x4
                0x080019fc                . = ALIGN (0x4)
                0x080019fc                PROVIDE (__fini_array_start = .)
 *(SORT_BY_NAME(.fini_array.*))
 *(.fini_array*)
 .fini_array    0x080019fc        0x4 d:/stm32/gccarm/gcc-arm-none-eabi-10.3-2021.10/bin/../lib/gcc/arm-none-eabi/10.3.1/thumb/v7e-m/nofp/crtbegin.o
                0x08001a00                PROVIDE (__fini_array_end = .)
                0x08001a00                . = ALIGN (0x4)
                0x08001a00                _sidata = LOADADDR (.data)

.data           0x20000000      0x43c load address 0x08001a00
                0x20000000                . = ALIGN (0x4)
                0x20000000                _sdata = .
 *(.data)
 *(.data*)
 .data.SystemCoreClock
                0x20000000        0x4 CMakeFiles/stm32F407ZGT6.elf.dir/Core/Src/system_stm32f4xx.c.obj
                0x20000000                SystemCoreClock
 .data.uwTickFreq
                0x20000004        0x1 CMakeFiles/stm32F407ZGT6.elf.dir/Drivers/STM32F4xx_HAL_Driver/Src/stm32f4xx_hal.c.obj
                0x20000004                uwTickFreq
 *fill*         0x20000005        0x3 
 .data.uwTickPrio
                0x20000008        0x4 CMakeFiles/stm32F407ZGT6.elf.dir/Drivers/STM32F4xx_HAL_Driver/Src/stm32f4xx_hal.c.obj
                0x20000008                uwTickPrio
 *fill*         0x2000000c        0x4 
 .data.impure_data
                0x20000010      0x428 d:/stm32/gccarm/gcc-arm-none-eabi-10.3-2021.10/bin/../lib/gcc/arm-none-eabi/10.3.1/../../../../arm-none-eabi/lib/thumb/v7e-m/nofp\libg.a(lib_a-impure.o)
 .data.__atexit_recursive_mutex
                0x20000438        0x4 d:/stm32/gccarm/gcc-arm-none-eabi-10.3-2021.10/bin/../lib/gcc/arm-none-eabi/10.3.1/../../../../arm-none-eabi/lib/thumb/v7e-m/nofp\libg.a(lib_a-__call_atexit.o)
                0x20000438                __atexit_recursive_mutex
 *(.RamFunc)
 *(.RamFunc*)
                0x2000043c                . = ALIGN (0x4)
                0x2000043c                _edata = .
                0x08001e3c                _siccmram = LOADADDR (.ccmram)

.igot.plt       0x2000043c        0x0 load address 0x08001e3c
 .igot.plt      0x2000043c        0x0 d:/stm32/gccarm/gcc-arm-none-eabi-10.3-2021.10/bin/../lib/gcc/arm-none-eabi/10.3.1/thumb/v7e-m/nofp/crtbegin.o

.ccmram         0x10000000        0x0 load address 0x08001e3c
                0x10000000                . = ALIGN (0x4)
                0x10000000                _sccmram = .
 *(.ccmram)
 *(.ccmram*)
                0x10000000                . = ALIGN (0x4)
                0x10000000                _eccmram = .
                0x10000000                . = ALIGN (0x4)

.bss            0x2000043c       0x6c
                0x2000043c                _sbss = .
                0x2000043c                __bss_start__ = _sbss
 *(.bss)
 .bss           0x2000043c       0x1c d:/stm32/gccarm/gcc-arm-none-eabi-10.3-2021.10/bin/../lib/gcc/arm-none-eabi/10.3.1/thumb/v7e-m/nofp/crtbegin.o
 *(.bss*)
 .bss.huart1    0x20000458       0x48 CMakeFiles/stm32F407ZGT6.elf.dir/Core/Src/usart.c.obj
                0x20000458                huart1
 .bss.uwTick    0x200004a0        0x4 CMakeFiles/stm32F407ZGT6.elf.dir/Drivers/STM32F4xx_HAL_Driver/Src/stm32f4xx_hal.c.obj
                0x200004a0                uwTick
 .bss.__lock___atexit_recursive_mutex
                0x200004a4        0x1 d:/stm32/gccarm/gcc-arm-none-eabi-10.3-2021.10/bin/../lib/gcc/arm-none-eabi/10.3.1/../../../../arm-none-eabi/lib/thumb/v7e-m/nofp\libg.a(lib_a-lock.o)
                0x200004a4                __lock___atexit_recursive_mutex
 *(COMMON)
                0x200004a8                . = ALIGN (0x4)
 *fill*         0x200004a5        0x3 
                0x200004a8                _ebss = .
                0x200004a8                __bss_end__ = _ebss

._user_heap_stack
                0x200004a8      0x600
                0x200004a8                . = ALIGN (0x8)
                [!provide]                PROVIDE (end = .)
                0x200004a8                PROVIDE (_end = .)
                0x200006a8                . = (. + _Min_Heap_Size)
 *fill*         0x200004a8      0x200 
                0x20000aa8                . = (. + _Min_Stack_Size)
 *fill*         0x200006a8      0x400 
                0x20000aa8                . = ALIGN (0x8)

/DISCARD/
 libc.a(*)
 libm.a(*)
 libgcc.a(*)

.ARM.attributes
                0x00000000       0x2a
 *(.ARM.attributes)
 .ARM.attributes
                0x00000000       0x1e d:/stm32/gccarm/gcc-arm-none-eabi-10.3-2021.10/bin/../lib/gcc/arm-none-eabi/10.3.1/thumb/v7e-m/nofp/crti.o
 .ARM.attributes
                0x0000001e       0x2e d:/stm32/gccarm/gcc-arm-none-eabi-10.3-2021.10/bin/../lib/gcc/arm-none-eabi/10.3.1/thumb/v7e-m/nofp/crtbegin.o
 .ARM.attributes
                0x0000004c       0x2e CMakeFiles/stm32F407ZGT6.elf.dir/Core/Src/gpio.c.obj
 .ARM.attributes
                0x0000007a       0x2e CMakeFiles/stm32F407ZGT6.elf.dir/Core/Src/main.c.obj
 .ARM.attributes
                0x000000a8       0x2e CMakeFiles/stm32F407ZGT6.elf.dir/Core/Src/stm32f4xx_hal_msp.c.obj
 .ARM.attributes
                0x000000d6       0x2e CMakeFiles/stm32F407ZGT6.elf.dir/Core/Src/stm32f4xx_it.c.obj
 .ARM.attributes
                0x00000104       0x2e CMakeFiles/stm32F407ZGT6.elf.dir/Core/Src/system_stm32f4xx.c.obj
 .ARM.attributes
                0x00000132       0x2e CMakeFiles/stm32F407ZGT6.elf.dir/Core/Src/usart.c.obj
 .ARM.attributes
                0x00000160       0x21 CMakeFiles/stm32F407ZGT6.elf.dir/Core/Startup/startup_stm32f407zgtx.s.obj
 .ARM.attributes
                0x00000181       0x2e CMakeFiles/stm32F407ZGT6.elf.dir/Drivers/STM32F4xx_HAL_Driver/Src/stm32f4xx_hal.c.obj
 .ARM.attributes
                0x000001af       0x2e CMakeFiles/stm32F407ZGT6.elf.dir/Drivers/STM32F4xx_HAL_Driver/Src/stm32f4xx_hal_cortex.c.obj
 .ARM.attributes
                0x000001dd       0x2e CMakeFiles/stm32F407ZGT6.elf.dir/Drivers/STM32F4xx_HAL_Driver/Src/stm32f4xx_hal_dma.c.obj
 .ARM.attributes
                0x0000020b       0x2e CMakeFiles/stm32F407ZGT6.elf.dir/Drivers/STM32F4xx_HAL_Driver/Src/stm32f4xx_hal_gpio.c.obj
 .ARM.attributes
                0x00000239       0x2e CMakeFiles/stm32F407ZGT6.elf.dir/Drivers/STM32F4xx_HAL_Driver/Src/stm32f4xx_hal_rcc.c.obj
 .ARM.attributes
                0x00000267       0x2e CMakeFiles/stm32F407ZGT6.elf.dir/Drivers/STM32F4xx_HAL_Driver/Src/stm32f4xx_hal_uart.c.obj
 .ARM.attributes
                0x00000295       0x1e d:/stm32/gccarm/gcc-arm-none-eabi-10.3-2021.10/bin/../lib/gcc/arm-none-eabi/10.3.1/thumb/v7e-m/nofp\libgcc.a(_aeabi_uldivmod.o)
 .ARM.attributes
                0x000002b3       0x2e d:/stm32/gccarm/gcc-arm-none-eabi-10.3-2021.10/bin/../lib/gcc/arm-none-eabi/10.3.1/thumb/v7e-m/nofp\libgcc.a(_udivmoddi4.o)
 .ARM.attributes
                0x000002e1       0x1e d:/stm32/gccarm/gcc-arm-none-eabi-10.3-2021.10/bin/../lib/gcc/arm-none-eabi/10.3.1/thumb/v7e-m/nofp\libgcc.a(_dvmd_tls.o)
 .ARM.attributes
                0x000002ff       0x2e d:/stm32/gccarm/gcc-arm-none-eabi-10.3-2021.10/bin/../lib/gcc/arm-none-eabi/10.3.1/../../../../arm-none-eabi/lib/thumb/v7e-m/nofp\libg.a(lib_a-impure.o)
 .ARM.attributes
                0x0000032d       0x2e d:/stm32/gccarm/gcc-arm-none-eabi-10.3-2021.10/bin/../lib/gcc/arm-none-eabi/10.3.1/../../../../arm-none-eabi/lib/thumb/v7e-m/nofp\libg.a(lib_a-init.o)
 .ARM.attributes
                0x0000035b       0x2e d:/stm32/gccarm/gcc-arm-none-eabi-10.3-2021.10/bin/../lib/gcc/arm-none-eabi/10.3.1/../../../../arm-none-eabi/lib/thumb/v7e-m/nofp\libg.a(lib_a-memset.o)
 .ARM.attributes
                0x00000389       0x2e d:/stm32/gccarm/gcc-arm-none-eabi-10.3-2021.10/bin/../lib/gcc/arm-none-eabi/10.3.1/../../../../arm-none-eabi/lib/thumb/v7e-m/nofp\libg.a(lib_a-__call_atexit.o)
 .ARM.attributes
                0x000003b7       0x2e d:/stm32/gccarm/gcc-arm-none-eabi-10.3-2021.10/bin/../lib/gcc/arm-none-eabi/10.3.1/../../../../arm-none-eabi/lib/thumb/v7e-m/nofp\libg.a(lib_a-atexit.o)
 .ARM.attributes
                0x000003e5       0x2e d:/stm32/gccarm/gcc-arm-none-eabi-10.3-2021.10/bin/../lib/gcc/arm-none-eabi/10.3.1/../../../../arm-none-eabi/lib/thumb/v7e-m/nofp\libg.a(lib_a-fini.o)
 .ARM.attributes
                0x00000413       0x2e d:/stm32/gccarm/gcc-arm-none-eabi-10.3-2021.10/bin/../lib/gcc/arm-none-eabi/10.3.1/../../../../arm-none-eabi/lib/thumb/v7e-m/nofp\libg.a(lib_a-lock.o)
 .ARM.attributes
                0x00000441       0x2e d:/stm32/gccarm/gcc-arm-none-eabi-10.3-2021.10/bin/../lib/gcc/arm-none-eabi/10.3.1/../../../../arm-none-eabi/lib/thumb/v7e-m/nofp\libg.a(lib_a-__atexit.o)
 .ARM.attributes
                0x0000046f       0x1e d:/stm32/gccarm/gcc-arm-none-eabi-10.3-2021.10/bin/../lib/gcc/arm-none-eabi/10.3.1/thumb/v7e-m/nofp/crtn.o
OUTPUT(stm32F407ZGT6.elf elf32-littlearm)
LOAD linker stubs
LOAD d:/stm32/gccarm/gcc-arm-none-eabi-10.3-2021.10/bin/../lib/gcc/arm-none-eabi/10.3.1/../../../../arm-none-eabi/lib/thumb/v7e-m/nofp\libc.a
LOAD d:/stm32/gccarm/gcc-arm-none-eabi-10.3-2021.10/bin/../lib/gcc/arm-none-eabi/10.3.1/../../../../arm-none-eabi/lib/thumb/v7e-m/nofp\libm.a
LOAD d:/stm32/gccarm/gcc-arm-none-eabi-10.3-2021.10/bin/../lib/gcc/arm-none-eabi/10.3.1/thumb/v7e-m/nofp\libgcc.a

.debug_info     0x00000000     0x9dad
 .debug_info    0x00000000      0x4b3 CMakeFiles/stm32F407ZGT6.elf.dir/Core/Src/gpio.c.obj
 .debug_info    0x000004b3      0x588 CMakeFiles/stm32F407ZGT6.elf.dir/Core/Src/main.c.obj
 .debug_info    0x00000a3b      0x2a4 CMakeFiles/stm32F407ZGT6.elf.dir/Core/Src/stm32f4xx_hal_msp.c.obj
 .debug_info    0x00000cdf      0x693 CMakeFiles/stm32F407ZGT6.elf.dir/Core/Src/stm32f4xx_it.c.obj
 .debug_info    0x00001372      0x37d CMakeFiles/stm32F407ZGT6.elf.dir/Core/Src/system_stm32f4xx.c.obj
 .debug_info    0x000016ef      0xc80 CMakeFiles/stm32F407ZGT6.elf.dir/Core/Src/usart.c.obj
 .debug_info    0x0000236f       0x22 CMakeFiles/stm32F407ZGT6.elf.dir/Core/Startup/startup_stm32f407zgtx.s.obj
 .debug_info    0x00002391      0x9f0 CMakeFiles/stm32F407ZGT6.elf.dir/Drivers/STM32F4xx_HAL_Driver/Src/stm32f4xx_hal.c.obj
 .debug_info    0x00002d81     0x10ab CMakeFiles/stm32F407ZGT6.elf.dir/Drivers/STM32F4xx_HAL_Driver/Src/stm32f4xx_hal_cortex.c.obj
 .debug_info    0x00003e2c      0xb3f CMakeFiles/stm32F407ZGT6.elf.dir/Drivers/STM32F4xx_HAL_Driver/Src/stm32f4xx_hal_dma.c.obj
 .debug_info    0x0000496b      0x7b0 CMakeFiles/stm32F407ZGT6.elf.dir/Drivers/STM32F4xx_HAL_Driver/Src/stm32f4xx_hal_gpio.c.obj
 .debug_info    0x0000511b      0xb03 CMakeFiles/stm32F407ZGT6.elf.dir/Drivers/STM32F4xx_HAL_Driver/Src/stm32f4xx_hal_rcc.c.obj
 .debug_info    0x00005c1e     0x418f CMakeFiles/stm32F407ZGT6.elf.dir/Drivers/STM32F4xx_HAL_Driver/Src/stm32f4xx_hal_uart.c.obj

.debug_abbrev   0x00000000     0x17fa
 .debug_abbrev  0x00000000      0x14e CMakeFiles/stm32F407ZGT6.elf.dir/Core/Src/gpio.c.obj
 .debug_abbrev  0x0000014e      0x1b7 CMakeFiles/stm32F407ZGT6.elf.dir/Core/Src/main.c.obj
 .debug_abbrev  0x00000305       0xd1 CMakeFiles/stm32F407ZGT6.elf.dir/Core/Src/stm32f4xx_hal_msp.c.obj
 .debug_abbrev  0x000003d6      0x16e CMakeFiles/stm32F407ZGT6.elf.dir/Core/Src/stm32f4xx_it.c.obj
 .debug_abbrev  0x00000544      0x119 CMakeFiles/stm32F407ZGT6.elf.dir/Core/Src/system_stm32f4xx.c.obj
 .debug_abbrev  0x0000065d      0x1e3 CMakeFiles/stm32F407ZGT6.elf.dir/Core/Src/usart.c.obj
 .debug_abbrev  0x00000840       0x12 CMakeFiles/stm32F407ZGT6.elf.dir/Core/Startup/startup_stm32f407zgtx.s.obj
 .debug_abbrev  0x00000852      0x206 CMakeFiles/stm32F407ZGT6.elf.dir/Drivers/STM32F4xx_HAL_Driver/Src/stm32f4xx_hal.c.obj
 .debug_abbrev  0x00000a58      0x36a CMakeFiles/stm32F407ZGT6.elf.dir/Drivers/STM32F4xx_HAL_Driver/Src/stm32f4xx_hal_cortex.c.obj
 .debug_abbrev  0x00000dc2      0x2c2 CMakeFiles/stm32F407ZGT6.elf.dir/Drivers/STM32F4xx_HAL_Driver/Src/stm32f4xx_hal_dma.c.obj
 .debug_abbrev  0x00001084      0x1ef CMakeFiles/stm32F407ZGT6.elf.dir/Drivers/STM32F4xx_HAL_Driver/Src/stm32f4xx_hal_gpio.c.obj
 .debug_abbrev  0x00001273      0x28a CMakeFiles/stm32F407ZGT6.elf.dir/Drivers/STM32F4xx_HAL_Driver/Src/stm32f4xx_hal_rcc.c.obj
 .debug_abbrev  0x000014fd      0x2fd CMakeFiles/stm32F407ZGT6.elf.dir/Drivers/STM32F4xx_HAL_Driver/Src/stm32f4xx_hal_uart.c.obj

.debug_aranges  0x00000000      0x670
 .debug_aranges
                0x00000000       0x20 CMakeFiles/stm32F407ZGT6.elf.dir/Core/Src/gpio.c.obj
 .debug_aranges
                0x00000020       0x30 CMakeFiles/stm32F407ZGT6.elf.dir/Core/Src/main.c.obj
 .debug_aranges
                0x00000050       0x20 CMakeFiles/stm32F407ZGT6.elf.dir/Core/Src/stm32f4xx_hal_msp.c.obj
 .debug_aranges
                0x00000070       0x68 CMakeFiles/stm32F407ZGT6.elf.dir/Core/Src/stm32f4xx_it.c.obj
 .debug_aranges
                0x000000d8       0x28 CMakeFiles/stm32F407ZGT6.elf.dir/Core/Src/system_stm32f4xx.c.obj
 .debug_aranges
                0x00000100       0x30 CMakeFiles/stm32F407ZGT6.elf.dir/Core/Src/usart.c.obj
 .debug_aranges
                0x00000130       0x28 CMakeFiles/stm32F407ZGT6.elf.dir/Core/Startup/startup_stm32f407zgtx.s.obj
 .debug_aranges
                0x00000158       0xf0 CMakeFiles/stm32F407ZGT6.elf.dir/Drivers/STM32F4xx_HAL_Driver/Src/stm32f4xx_hal.c.obj
 .debug_aranges
                0x00000248       0xb0 CMakeFiles/stm32F407ZGT6.elf.dir/Drivers/STM32F4xx_HAL_Driver/Src/stm32f4xx_hal_cortex.c.obj
 .debug_aranges
                0x000002f8       0x90 CMakeFiles/stm32F407ZGT6.elf.dir/Drivers/STM32F4xx_HAL_Driver/Src/stm32f4xx_hal_dma.c.obj
 .debug_aranges
                0x00000388       0x58 CMakeFiles/stm32F407ZGT6.elf.dir/Drivers/STM32F4xx_HAL_Driver/Src/stm32f4xx_hal_gpio.c.obj
 .debug_aranges
                0x000003e0       0x88 CMakeFiles/stm32F407ZGT6.elf.dir/Drivers/STM32F4xx_HAL_Driver/Src/stm32f4xx_hal_rcc.c.obj
 .debug_aranges
                0x00000468      0x208 CMakeFiles/stm32F407ZGT6.elf.dir/Drivers/STM32F4xx_HAL_Driver/Src/stm32f4xx_hal_uart.c.obj

.debug_ranges   0x00000000      0x638
 .debug_ranges  0x00000000       0x10 CMakeFiles/stm32F407ZGT6.elf.dir/Core/Src/gpio.c.obj
 .debug_ranges  0x00000010       0x20 CMakeFiles/stm32F407ZGT6.elf.dir/Core/Src/main.c.obj
 .debug_ranges  0x00000030       0x10 CMakeFiles/stm32F407ZGT6.elf.dir/Core/Src/stm32f4xx_hal_msp.c.obj
 .debug_ranges  0x00000040       0x58 CMakeFiles/stm32F407ZGT6.elf.dir/Core/Src/stm32f4xx_it.c.obj
 .debug_ranges  0x00000098       0x18 CMakeFiles/stm32F407ZGT6.elf.dir/Core/Src/system_stm32f4xx.c.obj
 .debug_ranges  0x000000b0       0x20 CMakeFiles/stm32F407ZGT6.elf.dir/Core/Src/usart.c.obj
 .debug_ranges  0x000000d0       0x20 CMakeFiles/stm32F407ZGT6.elf.dir/Core/Startup/startup_stm32f407zgtx.s.obj
 .debug_ranges  0x000000f0       0xe0 CMakeFiles/stm32F407ZGT6.elf.dir/Drivers/STM32F4xx_HAL_Driver/Src/stm32f4xx_hal.c.obj
 .debug_ranges  0x000001d0      0x100 CMakeFiles/stm32F407ZGT6.elf.dir/Drivers/STM32F4xx_HAL_Driver/Src/stm32f4xx_hal_cortex.c.obj
 .debug_ranges  0x000002d0       0x80 CMakeFiles/stm32F407ZGT6.elf.dir/Drivers/STM32F4xx_HAL_Driver/Src/stm32f4xx_hal_dma.c.obj
 .debug_ranges  0x00000350       0x48 CMakeFiles/stm32F407ZGT6.elf.dir/Drivers/STM32F4xx_HAL_Driver/Src/stm32f4xx_hal_gpio.c.obj
 .debug_ranges  0x00000398       0x90 CMakeFiles/stm32F407ZGT6.elf.dir/Drivers/STM32F4xx_HAL_Driver/Src/stm32f4xx_hal_rcc.c.obj
 .debug_ranges  0x00000428      0x210 CMakeFiles/stm32F407ZGT6.elf.dir/Drivers/STM32F4xx_HAL_Driver/Src/stm32f4xx_hal_uart.c.obj

.debug_line     0x00000000     0x83d5
 .debug_line    0x00000000      0x23f CMakeFiles/stm32F407ZGT6.elf.dir/Core/Src/gpio.c.obj
 .debug_line    0x0000023f      0x3c1 CMakeFiles/stm32F407ZGT6.elf.dir/Core/Src/main.c.obj
 .debug_line    0x00000600      0x19b CMakeFiles/stm32F407ZGT6.elf.dir/Core/Src/stm32f4xx_hal_msp.c.obj
 .debug_line    0x0000079b      0x336 CMakeFiles/stm32F407ZGT6.elf.dir/Core/Src/stm32f4xx_it.c.obj
 .debug_line    0x00000ad1      0x263 CMakeFiles/stm32F407ZGT6.elf.dir/Core/Src/system_stm32f4xx.c.obj
 .debug_line    0x00000d34      0x36e CMakeFiles/stm32F407ZGT6.elf.dir/Core/Src/usart.c.obj
 .debug_line    0x000010a2       0xa9 CMakeFiles/stm32F407ZGT6.elf.dir/Core/Startup/startup_stm32f407zgtx.s.obj
 .debug_line    0x0000114b      0x5ed CMakeFiles/stm32F407ZGT6.elf.dir/Drivers/STM32F4xx_HAL_Driver/Src/stm32f4xx_hal.c.obj
 .debug_line    0x00001738      0x819 CMakeFiles/stm32F407ZGT6.elf.dir/Drivers/STM32F4xx_HAL_Driver/Src/stm32f4xx_hal_cortex.c.obj
 .debug_line    0x00001f51      0xe89 CMakeFiles/stm32F407ZGT6.elf.dir/Drivers/STM32F4xx_HAL_Driver/Src/stm32f4xx_hal_dma.c.obj
 .debug_line    0x00002dda      0x745 CMakeFiles/stm32F407ZGT6.elf.dir/Drivers/STM32F4xx_HAL_Driver/Src/stm32f4xx_hal_gpio.c.obj
 .debug_line    0x0000351f      0xb73 CMakeFiles/stm32F407ZGT6.elf.dir/Drivers/STM32F4xx_HAL_Driver/Src/stm32f4xx_hal_rcc.c.obj
 .debug_line    0x00004092     0x4343 CMakeFiles/stm32F407ZGT6.elf.dir/Drivers/STM32F4xx_HAL_Driver/Src/stm32f4xx_hal_uart.c.obj

.debug_str      0x00000000     0x260b
 .debug_str     0x00000000      0x350 CMakeFiles/stm32F407ZGT6.elf.dir/Core/Src/gpio.c.obj
                                0x3a0 (size before relaxing)
 .debug_str     0x00000350      0x206 CMakeFiles/stm32F407ZGT6.elf.dir/Core/Src/main.c.obj
                                0x4c4 (size before relaxing)
 .debug_str     0x00000556       0x4d CMakeFiles/stm32F407ZGT6.elf.dir/Core/Src/stm32f4xx_hal_msp.c.obj
                                0x2ef (size before relaxing)
 .debug_str     0x000005a3      0x504 CMakeFiles/stm32F407ZGT6.elf.dir/Core/Src/stm32f4xx_it.c.obj
                                0x713 (size before relaxing)
 .debug_str     0x00000aa7       0xa8 CMakeFiles/stm32F407ZGT6.elf.dir/Core/Src/system_stm32f4xx.c.obj
                                0x355 (size before relaxing)
 .debug_str     0x00000b4f      0x5ac CMakeFiles/stm32F407ZGT6.elf.dir/Core/Src/usart.c.obj
                                0xd82 (size before relaxing)
 .debug_str     0x000010fb       0x57 CMakeFiles/stm32F407ZGT6.elf.dir/Core/Startup/startup_stm32f407zgtx.s.obj
                                 0x8d (size before relaxing)
 .debug_str     0x00001152      0x382 CMakeFiles/stm32F407ZGT6.elf.dir/Drivers/STM32F4xx_HAL_Driver/Src/stm32f4xx_hal.c.obj
                                0xb8e (size before relaxing)
 .debug_str     0x000014d4      0x4b9 CMakeFiles/stm32F407ZGT6.elf.dir/Drivers/STM32F4xx_HAL_Driver/Src/stm32f4xx_hal_cortex.c.obj
                                0xc77 (size before relaxing)
 .debug_str     0x0000198d      0x33a CMakeFiles/stm32F407ZGT6.elf.dir/Drivers/STM32F4xx_HAL_Driver/Src/stm32f4xx_hal_dma.c.obj
                                0x7aa (size before relaxing)
 .debug_str     0x00001cc7      0x149 CMakeFiles/stm32F407ZGT6.elf.dir/Drivers/STM32F4xx_HAL_Driver/Src/stm32f4xx_hal_gpio.c.obj
                                0x514 (size before relaxing)
 .debug_str     0x00001e10      0x1c5 CMakeFiles/stm32F407ZGT6.elf.dir/Drivers/STM32F4xx_HAL_Driver/Src/stm32f4xx_hal_rcc.c.obj
                                0x73a (size before relaxing)
 .debug_str     0x00001fd5      0x636 CMakeFiles/stm32F407ZGT6.elf.dir/Drivers/STM32F4xx_HAL_Driver/Src/stm32f4xx_hal_uart.c.obj
                                0xdcf (size before relaxing)

.comment        0x00000000       0x49
 .comment       0x00000000       0x49 CMakeFiles/stm32F407ZGT6.elf.dir/Core/Src/gpio.c.obj
                                 0x4a (size before relaxing)
 .comment       0x00000049       0x4a CMakeFiles/stm32F407ZGT6.elf.dir/Core/Src/main.c.obj
 .comment       0x00000049       0x4a CMakeFiles/stm32F407ZGT6.elf.dir/Core/Src/stm32f4xx_hal_msp.c.obj
 .comment       0x00000049       0x4a CMakeFiles/stm32F407ZGT6.elf.dir/Core/Src/stm32f4xx_it.c.obj
 .comment       0x00000049       0x4a CMakeFiles/stm32F407ZGT6.elf.dir/Core/Src/system_stm32f4xx.c.obj
 .comment       0x00000049       0x4a CMakeFiles/stm32F407ZGT6.elf.dir/Core/Src/usart.c.obj
 .comment       0x00000049       0x4a CMakeFiles/stm32F407ZGT6.elf.dir/Drivers/STM32F4xx_HAL_Driver/Src/stm32f4xx_hal.c.obj
 .comment       0x00000049       0x4a CMakeFiles/stm32F407ZGT6.elf.dir/Drivers/STM32F4xx_HAL_Driver/Src/stm32f4xx_hal_cortex.c.obj
 .comment       0x00000049       0x4a CMakeFiles/stm32F407ZGT6.elf.dir/Drivers/STM32F4xx_HAL_Driver/Src/stm32f4xx_hal_dma.c.obj
 .comment       0x00000049       0x4a CMakeFiles/stm32F407ZGT6.elf.dir/Drivers/STM32F4xx_HAL_Driver/Src/stm32f4xx_hal_gpio.c.obj
 .comment       0x00000049       0x4a CMakeFiles/stm32F407ZGT6.elf.dir/Drivers/STM32F4xx_HAL_Driver/Src/stm32f4xx_hal_rcc.c.obj
 .comment       0x00000049       0x4a CMakeFiles/stm32F407ZGT6.elf.dir/Drivers/STM32F4xx_HAL_Driver/Src/stm32f4xx_hal_uart.c.obj

.debug_frame    0x00000000     0x1140
 .debug_frame   0x00000000       0x30 CMakeFiles/stm32F407ZGT6.elf.dir/Core/Src/gpio.c.obj
 .debug_frame   0x00000030       0x58 CMakeFiles/stm32F407ZGT6.elf.dir/Core/Src/main.c.obj
 .debug_frame   0x00000088       0x28 CMakeFiles/stm32F407ZGT6.elf.dir/Core/Src/stm32f4xx_hal_msp.c.obj
 .debug_frame   0x000000b0       0xc0 CMakeFiles/stm32F407ZGT6.elf.dir/Core/Src/stm32f4xx_it.c.obj
 .debug_frame   0x00000170       0x30 CMakeFiles/stm32F407ZGT6.elf.dir/Core/Src/system_stm32f4xx.c.obj
 .debug_frame   0x000001a0       0x60 CMakeFiles/stm32F407ZGT6.elf.dir/Core/Src/usart.c.obj
 .debug_frame   0x00000200      0x1ec CMakeFiles/stm32F407ZGT6.elf.dir/Drivers/STM32F4xx_HAL_Driver/Src/stm32f4xx_hal.c.obj
 .debug_frame   0x000003ec      0x158 CMakeFiles/stm32F407ZGT6.elf.dir/Drivers/STM32F4xx_HAL_Driver/Src/stm32f4xx_hal_cortex.c.obj
 .debug_frame   0x00000544      0x188 CMakeFiles/stm32F407ZGT6.elf.dir/Drivers/STM32F4xx_HAL_Driver/Src/stm32f4xx_hal_dma.c.obj
 .debug_frame   0x000006cc       0xd8 CMakeFiles/stm32F407ZGT6.elf.dir/Drivers/STM32F4xx_HAL_Driver/Src/stm32f4xx_hal_gpio.c.obj
 .debug_frame   0x000007a4      0x16c CMakeFiles/stm32F407ZGT6.elf.dir/Drivers/STM32F4xx_HAL_Driver/Src/stm32f4xx_hal_rcc.c.obj
 .debug_frame   0x00000910      0x5e4 CMakeFiles/stm32F407ZGT6.elf.dir/Drivers/STM32F4xx_HAL_Driver/Src/stm32f4xx_hal_uart.c.obj
 .debug_frame   0x00000ef4       0x2c d:/stm32/gccarm/gcc-arm-none-eabi-10.3-2021.10/bin/../lib/gcc/arm-none-eabi/10.3.1/thumb/v7e-m/nofp\libgcc.a(_aeabi_uldivmod.o)
 .debug_frame   0x00000f20       0x34 d:/stm32/gccarm/gcc-arm-none-eabi-10.3-2021.10/bin/../lib/gcc/arm-none-eabi/10.3.1/thumb/v7e-m/nofp\libgcc.a(_udivmoddi4.o)
 .debug_frame   0x00000f54       0x2c d:/stm32/gccarm/gcc-arm-none-eabi-10.3-2021.10/bin/../lib/gcc/arm-none-eabi/10.3.1/../../../../arm-none-eabi/lib/thumb/v7e-m/nofp\libg.a(lib_a-init.o)
 .debug_frame   0x00000f80       0x2c d:/stm32/gccarm/gcc-arm-none-eabi-10.3-2021.10/bin/../lib/gcc/arm-none-eabi/10.3.1/../../../../arm-none-eabi/lib/thumb/v7e-m/nofp\libg.a(lib_a-memset.o)
 .debug_frame   0x00000fac       0x5c d:/stm32/gccarm/gcc-arm-none-eabi-10.3-2021.10/bin/../lib/gcc/arm-none-eabi/10.3.1/../../../../arm-none-eabi/lib/thumb/v7e-m/nofp\libg.a(lib_a-__call_atexit.o)
 .debug_frame   0x00001008       0x20 d:/stm32/gccarm/gcc-arm-none-eabi-10.3-2021.10/bin/../lib/gcc/arm-none-eabi/10.3.1/../../../../arm-none-eabi/lib/thumb/v7e-m/nofp\libg.a(lib_a-atexit.o)
 .debug_frame   0x00001028       0x34 d:/stm32/gccarm/gcc-arm-none-eabi-10.3-2021.10/bin/../lib/gcc/arm-none-eabi/10.3.1/../../../../arm-none-eabi/lib/thumb/v7e-m/nofp\libg.a(lib_a-fini.o)
 .debug_frame   0x0000105c       0xb0 d:/stm32/gccarm/gcc-arm-none-eabi-10.3-2021.10/bin/../lib/gcc/arm-none-eabi/10.3.1/../../../../arm-none-eabi/lib/thumb/v7e-m/nofp\libg.a(lib_a-lock.o)
 .debug_frame   0x0000110c       0x34 d:/stm32/gccarm/gcc-arm-none-eabi-10.3-2021.10/bin/../lib/gcc/arm-none-eabi/10.3.1/../../../../arm-none-eabi/lib/thumb/v7e-m/nofp\libg.a(lib_a-__atexit.o)

.debug_loc      0x00000000     0x67ce
 .debug_loc     0x00000000      0x158 CMakeFiles/stm32F407ZGT6.elf.dir/Core/Src/system_stm32f4xx.c.obj
 .debug_loc     0x00000158       0x84 CMakeFiles/stm32F407ZGT6.elf.dir/Core/Src/usart.c.obj
 .debug_loc     0x000001dc      0x141 CMakeFiles/stm32F407ZGT6.elf.dir/Drivers/STM32F4xx_HAL_Driver/Src/stm32f4xx_hal.c.obj
 .debug_loc     0x0000031d      0x744 CMakeFiles/stm32F407ZGT6.elf.dir/Drivers/STM32F4xx_HAL_Driver/Src/stm32f4xx_hal_cortex.c.obj
 .debug_loc     0x00000a61      0xbf9 CMakeFiles/stm32F407ZGT6.elf.dir/Drivers/STM32F4xx_HAL_Driver/Src/stm32f4xx_hal_dma.c.obj
 .debug_loc     0x0000165a      0x520 CMakeFiles/stm32F407ZGT6.elf.dir/Drivers/STM32F4xx_HAL_Driver/Src/stm32f4xx_hal_gpio.c.obj
 .debug_loc     0x00001b7a      0x58c CMakeFiles/stm32F407ZGT6.elf.dir/Drivers/STM32F4xx_HAL_Driver/Src/stm32f4xx_hal_rcc.c.obj
 .debug_loc     0x00002106     0x46c8 CMakeFiles/stm32F407ZGT6.elf.dir/Drivers/STM32F4xx_HAL_Driver/Src/stm32f4xx_hal_uart.c.obj
